Microchip MPLAB XC8 Compiler V1.34 ()

Linker command line:

-W-3 --edf=C:\Program Files (x86)\Microchip\xc8\v1.34\dat\en_msgs.txt -cs \
  -h+dist/default/debug\Lap12p1.X.debug.sym \
  --cmf=dist/default/debug\Lap12p1.X.debug.cmf -z -Q18F4620 \
  -oC:\Users\ngoph\AppData\Local\Temp\s8os.6 \
  -Mdist/default/debug/Lap12p1.X.debug.map -E1 -ver=XC8 -ASTACK=018Ch-0eeeh \
  -pstack=STACK -ACODE=00h-0FCFFh -ACONST=00h-0FCFFh \
  -ASMALLCONST=01000h-010FFhx237 -AMEDIUMCONST=01000h-0FCFFh \
  -ACOMRAM=01h-07Fh -AABS1=00h-0EEEh,0F00h-0F7Fh \
  -ABIGRAM=01h-0EEEh,0F00h-0F7Fh \
  -ARAM=080h-0FFh,0100h-01FFhx13,0E00h-0EEEh,0F00h-0F7Fh -ABANK0=080h-0FFh \
  -ABANK1=0100h-01FFh -ABANK2=0200h-02FFh -ABANK3=0300h-03FFh \
  -ABANK4=0400h-04FFh -ABANK5=0500h-05FFh -ABANK6=0600h-06FFh \
  -ABANK7=0700h-07FFh -ABANK8=0800h-08FFh -ABANK9=0900h-09FFh \
  -ABANK10=0A00h-0AFFh -ABANK11=0B00h-0BFFh -ABANK12=0C00h-0CFFh \
  -ABANK13=0D00h-0DFFh -ABANK14=0E00h-0EEEh -ABANK15=0F00h-0F7Fh \
  -ASFR=0F80h-0F9Bh,0F9Dh-0FD3h,0FD5h-0FDAh,0FE0h-0FE2h,0FE8h-0FEAh,0FF0h-0FFBh \
  -preset_vec=00h,intcode=08h,intcodelo,powerup,init,end_init \
  -pramtop=01000h -psmallconst=SMALLCONST -pmediumconst=MEDIUMCONST \
  -pconst=CONST -AFARRAM=00h-00h -ACONFIG=0300000h-030000Dh -pconfig=CONFIG \
  -AIDLOC=0200000h-0200007h -pidloc=IDLOC -AEEDATA=0F00000h-0F003FFh \
  -peeprom_data=EEDATA \
  -prdata=COMRAM,nvrram=COMRAM,nvbit=COMRAM,rbss=COMRAM,rbit=COMRAM \
  -pfarbss=FARRAM,fardata=FARRAM,nvFARRAM=FARRAM \
  -pintsave_regs=BIGRAM,bigbss=BIGRAM,bigdata=BIGRAM -pbss=RAM \
  -pidata=CODE,irdata=CODE,ibigdata=CODE,ifardata=CODE -prparam=COMRAM \
  C:\Users\ngoph\AppData\Local\Temp\s8os.obj \
  dist/default/debug\Lap12p1.X.debug.obj 

Object code version is 3.11

Machine type is 18F4620

Call graph: (short form)




                Name                               Link     Load   Length Selector   Space Scale
C:\Users\ngoph\AppData\Local\Temp\s8os.obj
                end_init                             18       18        4        4       0
                reset_vec                             0        0        6        0       0
                idloc                            200000   200000        8   200000       0
                config                           300000   300000        E   300000       0
dist/default/debug\Lap12p1.X.debug.obj
                intcode                               8        8       10        4       0
                mediumconst                        F9EC     F9EC      314     7CF6       0
                text74                             2A76     2A76        8     112C       0
                text73                             136E     136E      16C        4       0
                text72                             2A2C     2A2C        C     112C       0
                intcode_body                       208C     208C       7C        4       0
                text70                             2A20     2A20        C     112C       0
                text69                             2A6E     2A6E        8     112C       0
                text68                             2A66     2A66        8     112C       0
                text67                             2A4C     2A4C        A     112C       0
                text66                             2938     2938       16     112C       0
                text65                             29D2     29D2       12     112C       0
                text64                             2A42     2A42        A     112C       0
                text63                             2500     2500       48     112C       0
                text62                             29C0     29C0       12     112C       0
                text61                             29AE     29AE       12     112C       0
                text60                             26CA     26CA       3E     112C       0
                text59                             25D0     25D0       40     112C       0
                text58                             22BE     22BE       64     112C       0
                text57                             2258     2258       66     112C       0
                text56                             299C     299C       12     112C       0
                text55                             2A5E     2A5E        8     112C       0
                text54                             2908     2908       1A     112C       0
                text53                             2922     2922       16     112C       0
                text52                             1CE4     1CE4       C6        4       0
                text51                             1B26     1B26       E2        4       0
                text50                             1856     1856       F8        4       0
                text49                             1A40     1A40       E6        4       0
                text48                             284C     284C       26     112C       0
                text47                             1DAA     1DAA       C2        4       0
                text46                             2322     2322       5C     112C       0
                text45                             246A     246A       4C     112C       0
                text44                             2824     2824       28     112C       0
                text43                             2872     2872       22     112C       0
                text42                             2A12     2A12        E     112C       0
                text41                               1C       1C      95A        4       0
                text40                             27CC     27CC       2E     112C       0
                text39                             28EE     28EE       1A     112C       0
                text38                             2894     2894       20     112C       0
                text37                             28B4     28B4       1E     112C       0
                text36                             2A38     2A38        A     112C       0
                text35                             273A     273A       32     112C       0
                text34                             217E     217E       70     10BF       0
                text33                             2976     2976       14     112C       0
                text32                             241E     241E       4C     112C       0
                text31                             279C     279C       30     112C       0
                text30                             237E     237E       52     112C       0
                text29                             298A     298A       12     112C       0
                text28                             2962     2962       14     112C       0
                text27                             29F4     29F4       10     112C       0
                text26                             29E4     29E4       10     112C       0
                text25                             1746     1746      110        4       0
                text24                             268C     268C       3E     112C       0
                text23                             194E     194E       F2        4       0
                text22                             27FA     27FA       2A     112C       0
                text21                             23D0     23D0       4E     112C       0
                text20                             276C     276C       30     112C       0
                text19                             11C0     11C0      1AE        4       0
                text18                             1F02     1F02       88        4       0
                text17                             24B6     24B6       4A     112C       0
                text16                             14DA     14DA      156        4       0
                text15                             264E     264E       3E     112C       0
                text14                             1630     1630      116        4       0
                text13                             1C08     1C08       DC        4       0
                text12                             28D2     28D2       1C     112C       0
                text11                             2708     2708       32     112C       0
                text10                              D4A      D4A      26A        4       0
                text9                              1E6C     1E6C       96        4       0
                text8                              2548     2548       46     112C       0
                text7                              258E     258E       42     112C       0
                text6                              2A56     2A56        8     112C       0
                text5                              2A04     2A04        E     112C       0
                text4                              294E     294E       14     112C       0
                text3                              1F8A     1F8A       82        4       0
                text2                               976      976      3D4        4       0
                text1                              2610     2610       3E     112C       0
                text0                               FB4      FB4      20C        4       0
                cstackCOMRAM                          1        1       40        1       1
                cstackBANK0                          E9       E9        E       80       1
                cstackBANK1                         175      175       17      100       1
                dataBANK1                           100      100       75      100       1
                dataBANK0                            80       80       69       80       1
                bssBANK0                             F7       F7        8       80       1
                dataCOMRAM                           6D       6D        3        1       1
                bssCOMRAM                            41       41       2C        1       1
                cinit                              200C     200C       80        4       0
                idataBANK1                         2108     2108       75        4       0
                idataBANK0                         21EE     21EE       69     10BF       0
                idataCOMRAM                        2A7E     2A7E        3     112C       0

TOTAL           Name                               Link     Load   Length     Space
        CLASS   STACK          

        CLASS   CODE           
                end_init                             18       18        4         0
                intcode                               8        8       10         0
                reset_vec                             0        0        6         0
                text74                             2A76     2A76        8         0
                text73                             136E     136E      16C         0
                text72                             2A2C     2A2C        C         0
                intcode_body                       208C     208C       7C         0
                text70                             2A20     2A20        C         0
                text69                             2A6E     2A6E        8         0
                text68                             2A66     2A66        8         0
                text67                             2A4C     2A4C        A         0
                text66                             2938     2938       16         0
                text65                             29D2     29D2       12         0
                text64                             2A42     2A42        A         0
                text63                             2500     2500       48         0
                text62                             29C0     29C0       12         0
                text61                             29AE     29AE       12         0
                text60                             26CA     26CA       3E         0
                text59                             25D0     25D0       40         0
                text58                             22BE     22BE       64         0
                text57                             2258     2258       66         0
                text56                             299C     299C       12         0
                text55                             2A5E     2A5E        8         0
                text54                             2908     2908       1A         0
                text53                             2922     2922       16         0
                text52                             1CE4     1CE4       C6         0
                text51                             1B26     1B26       E2         0
                text50                             1856     1856       F8         0
                text49                             1A40     1A40       E6         0
                text48                             284C     284C       26         0
                text47                             1DAA     1DAA       C2         0
                text46                             2322     2322       5C         0
                text45                             246A     246A       4C         0
                text44                             2824     2824       28         0
                text43                             2872     2872       22         0
                text42                             2A12     2A12        E         0
                text41                               1C       1C      95A         0
                text40                             27CC     27CC       2E         0
                text39                             28EE     28EE       1A         0
                text38                             2894     2894       20         0
                text37                             28B4     28B4       1E         0
                text36                             2A38     2A38        A         0
                text35                             273A     273A       32         0
                text34                             217E     217E       70         0
                text33                             2976     2976       14         0
                text32                             241E     241E       4C         0
                text31                             279C     279C       30         0
                text30                             237E     237E       52         0
                text29                             298A     298A       12         0
                text28                             2962     2962       14         0
                text27                             29F4     29F4       10         0
                text26                             29E4     29E4       10         0
                text25                             1746     1746      110         0
                text24                             268C     268C       3E         0
                text23                             194E     194E       F2         0
                text22                             27FA     27FA       2A         0
                text21                             23D0     23D0       4E         0
                text20                             276C     276C       30         0
                text19                             11C0     11C0      1AE         0
                text18                             1F02     1F02       88         0
                text17                             24B6     24B6       4A         0
                text16                             14DA     14DA      156         0
                text15                             264E     264E       3E         0
                text14                             1630     1630      116         0
                text13                             1C08     1C08       DC         0
                text12                             28D2     28D2       1C         0
                text11                             2708     2708       32         0
                text10                              D4A      D4A      26A         0
                text9                              1E6C     1E6C       96         0
                text8                              2548     2548       46         0
                text7                              258E     258E       42         0
                text6                              2A56     2A56        8         0
                text5                              2A04     2A04        E         0
                text4                              294E     294E       14         0
                text3                              1F8A     1F8A       82         0
                text2                               976      976      3D4         0
                text1                              2610     2610       3E         0
                text0                               FB4      FB4      20C         0
                cinit                              200C     200C       80         0
                idataBANK1                         2108     2108       75         0
                idataBANK0                         21EE     21EE       69         0
                idataCOMRAM                        2A7E     2A7E        3         0

        CLASS   CONST          

        CLASS   SMALLCONST     

        CLASS   MEDIUMCONST    
                mediumconst                        F9EC     F9EC      314         0

        CLASS   COMRAM         
                cstackCOMRAM                          1        1       40         1
                dataCOMRAM                           6D       6D        3         1
                bssCOMRAM                            41       41       2C         1

        CLASS   ABS1           

        CLASS   BIGRAM         

        CLASS   RAM            

        CLASS   BANK0          
                cstackBANK0                          E9       E9        E         1
                dataBANK0                            80       80       69         1
                bssBANK0                             F7       F7        8         1

        CLASS   BANK1          
                cstackBANK1                         175      175       17         1
                dataBANK1                           100      100       75         1

        CLASS   BANK2          

        CLASS   BANK3          

        CLASS   BANK4          

        CLASS   BANK5          

        CLASS   BANK6          

        CLASS   BANK7          

        CLASS   BANK8          

        CLASS   BANK9          

        CLASS   BANK10         

        CLASS   BANK11         

        CLASS   BANK12         

        CLASS   BANK13         

        CLASS   BANK14         

        CLASS   BANK15         

        CLASS   SFR            

        CLASS   FARRAM         

        CLASS   CONFIG         
                config                           300000   300000        E         0

        CLASS   IDLOC          
                idloc                            200000   200000        8         0

        CLASS   EEDATA         



SEGMENTS        Name                           Load    Length   Top    Selector   Space  Class

                reset_vec                      000000  000006  000006         0       0  CODE    
                cstackCOMRAM                   000001  00006F  000070         1       1  COMRAM  
                intcode                        000008  002175  00217D         4       0  CODE    
                dataBANK0                      000080  00007F  0000FF        80       1  BANK0   
                dataBANK1                      000100  00008C  00018C       100       1  BANK1   
                text34                         00217E  0000D9  002257      10BF       0  CODE    
                text57                         002258  000829  002A81      112C       0  CODE    
                mediumconst                    00F9EC  000314  00FD00      7CF6       0  MEDIUMCO
                idloc                          200000  000008  200008    200000       0  IDLOC   
                config                         300000  00000E  30000E    300000       0  CONFIG  


UNUSED ADDRESS RANGES

        Name                Unused          Largest block    Delta
        BANK0            0000FF-0000FF                1
        BANK1            00018C-0001FF               74
        BANK10           000A00-000AFF              100
        BANK11           000B00-000BFF              100
        BANK12           000C00-000CFF              100
        BANK13           000D00-000DFF              100
        BANK14           000E00-000EEE               EF
        BANK15           000F00-000F7F               80
        BANK2            000200-0002FF              100
        BANK3            000300-0003FF              100
        BANK4            000400-0004FF              100
        BANK5            000500-0005FF              100
        BANK6            000600-0006FF              100
        BANK7            000700-0007FF              100
        BANK8            000800-0008FF              100
        BANK9            000900-0009FF              100
        BIGRAM           000070-00007F               10
                         0000FF-0000FF                1
                         00018C-000EEE              D63
                         000F00-000F7F               80
        CODE             000006-000007                2
                         00217D-00217D                1
                         002257-002257                1
                         002A81-00F9EB             CF6B
        COMRAM           000070-00007F               10
        CONST            000006-000007                2
                         00217D-00217D                1
                         002257-002257                1
                         002A81-00F9EB             CF6B
        EEDATA           F00000-F003FF              400
        MEDIUMCONST      00217D-00217D                1
                         002257-002257                1
                         002A81-00F9EB             CF6B
        RAM              0000FF-0000FF                1
                         00018C-000EEE              100
                         000F00-000F7F               80
        SFR              000F80-000F9B               1C
                         000F9D-000FD3               37
                         000FD5-000FDA                6
                         000FE0-000FE2                3
                         000FE8-000FEA                3
                         000FF0-000FFB                C
        SMALLCONST       00217D-00217D                1
                         002257-002257                1
                         002A81-00F9EB              100
        STACK            00018C-000EEE              D63

                                  Symbol Table

?_DS1621_Read_Temp                 cstackCOMRAM 000014
?___awdiv                          cstackCOMRAM 000017
?___awmod                          cstackCOMRAM 00001F
?___ftdiv                          cstackCOMRAM 00002C
?___ftmul                          cstackCOMRAM 00001D
?___ftpack                         cstackCOMRAM 000011
?___fttol                          cstackCOMRAM 000011
?___lbtoft                         cstackCOMRAM 000019
?___lwdiv                          cstackCOMRAM 000011
?___lwmod                          cstackCOMRAM 000018
?___wmul                           cstackCOMRAM 000011
?_get_RPM                          cstackCOMRAM 00001F
?_printf                           cstackCOMRAM 00001D
?_strlen                           cstackCOMRAM 000011
DS1621_Init@Device                 cstackCOMRAM 000016
DS1621_Read_Temp@Cmd               cstackCOMRAM 000016
DS1621_Read_Temp@Data_Ret          cstackCOMRAM 000017
DS1621_Read_Temp@Device            cstackCOMRAM 000018
DS3231_Read_Time@Address           cstackCOMRAM 000014
DS3231_Read_Time@Device            cstackCOMRAM 000015
DS3231_Setup_Time@Address          cstackCOMRAM 000014
DS3231_Setup_Time@Device           cstackCOMRAM 000013
I2C_Init@c                         cstackCOMRAM 000011
I2C_Read@ack                       cstackCOMRAM 000011
I2C_Read@inByte                    cstackCOMRAM 000013
I2C_Read@n                         cstackCOMRAM 000012
I2C_Write@n                        cstackCOMRAM 000012
I2C_Write@outByte                  cstackCOMRAM 000011
I2C_Write_Cmd_Only@Cmd             cstackCOMRAM 000013
I2C_Write_Cmd_Only@Device          cstackCOMRAM 000014
I2C_Write_Cmd_Write_Data@Cmd       cstackCOMRAM 000013
I2C_Write_Cmd_Write_Data@Data_Out  cstackCOMRAM 000014
I2C_Write_Cmd_Write_Data@Device    cstackCOMRAM 000015
OpenUSART@config                   cstackCOMRAM 000013
OpenUSART@spbrg                    cstackCOMRAM 000011
Set_DC_RGB@d1color_C               cstackCOMRAM 000021
Set_DC_RGB@d1color_I               cstackCOMRAM 000022
Set_DC_RGB@duty_cycle              cstackCOMRAM 00001F
Set_RPM_RGB@RPM                    cstackCOMRAM 000021
Set_RPM_RGB@rpm                    cstackCOMRAM 00001F
Update_Screen@neg_tempF            cstackBANK0  0000F4
_ADCON1                            (abs)        000FC1
_ALARMEN                           bssBANK0     0000FB
_Activate_Buzzer                   text56       00299C
_Alarm_SW_Txt                      dataBANK0    0000BC
_CCP1CON                           (abs)        000FBD
_CCP2CON                           (abs)        000FBA
_CCPR1L                            (abs)        000FBE
_CCPR2L                            (abs)        000FBB
_D1                                dataBANK0    000080
_D2                                dataBANK0    0000AF
_D3                                dataBANK1    00012A
_DC_Txt                            dataBANK0    0000D9
_DS1621_Init                       text37       0028B4
_DS1621_Read_Temp                  text59       0025D0
_DS1621_tempC                      bssCOMRAM    000041
_DS1621_tempF                      bssCOMRAM    000043
_DS3231_Read_Time                  text58       0022BE
_DS3231_Setup_Time                 text57       002258
_Deactivate_Buzzer                 text55       002A5E
_Decrease_Speed                    text40       0027CC
_Do_Beep                           text53       002922
_Do_Init                           text32       00241E
_FAN                               bssCOMRAM    00004F
_Fan_SW_Txt                        dataBANK0    0000DD
_I2C_Init                          text36       002A38
_I2C_ReStart                       text66       002938
_I2C_Read                          text63       002500
_I2C_Start                         text62       0029C0
_I2C_Stop                          text61       0029AE
_I2C_Write                         text60       0026CA
_I2C_Write_Cmd_Only                text39       0028EE
_I2C_Write_Cmd_Write_Data          text38       002894
_INT0_isr                          text73       00136E
_INTCON2bits                       (abs)        000FF1
_INTCONbits                        (abs)        000FF2
_Increase_Speed                    text31       00279C
_Initialize_Screen                 text10       000D4A
_LCD_Reset                         text29       00298A
_Nec_code                          bssBANK0     0000F7
_Nec_code1                         bssCOMRAM    000050
_Nec_state                         bssCOMRAM    000051
_OSCCON                            (abs)        000FD3
_OpenUSART                         text34       00217E
_PIE1bits                          (abs)        000F9D
_PIR1bits                          (abs)        000F9E
_PORTA                             (abs)        000F80
_PORTAbits                         (abs)        000F80
_PORTBbits                         (abs)        000F81
_PORTD                             (abs)        000F83
_PORTDbits                         (abs)        000F83
_PORTE                             (abs)        000F84
_PR2                               (abs)        000FCB
_RBPU                              (abs)        007F8F
_RCSTA                             (abs)        000FAB
_RCSTAbits                         (abs)        000FAB
_RPM_Txt                           dataBANK0    0000D4
_RTC_ALARM_Txt                     dataBANK0    0000C0
_Rcmd1                             text25       001746
_Rcmd2red                          text24       00268C
_Rcmd3                             text23       00194E
_SPBRG                             (abs)        000FAF
_SPBRGH                            (abs)        000FB0
_SSPBUF                            (abs)        000FC9
_SSPCON1                           (abs)        000FC6
_SSPSTAT                           (abs)        000FC7
_SSPSTATbits                       (abs)        000FC7
_Set_DC_RGB                        text8        002548
_Set_RPM_RGB                       text7        00258E
_T0CON                             (abs)        000FD5
_T0CONbits                         (abs)        000FD5
_T1CON                             (abs)        000FCD
_T1CONbits                         (abs)        000FCD
_T2CON                             (abs)        000FCA
_T3CON                             (abs)        000FB1
_T3CONbits                         (abs)        000FB1
_TFT_GreenTab_Initialize           text22       0027FA
_TIMER1_isr                        text72       002A2C
_TMR0H                             (abs)        000FD7
_TMR0L                             (abs)        000FD6
_TMR1H                             (abs)        000FCF
_TMR1L                             (abs)        000FCE
_TMR3L                             (abs)        000FB2
_TRISA                             (abs)        000F92
_TRISAbits                         (abs)        000F92
_TRISB                             (abs)        000F93
_TRISC                             (abs)        000F94
_TRISCbits                         (abs)        000F94
_TRISD                             (abs)        000F95
_TRISE                             (abs)        000F96
_TRMT                              (abs)        007D61
_TXREG                             (abs)        000FAD
_TXSTA                             (abs)        000FAC
_TXSTAbits                         (abs)        000FAC
_Time_Elapsed                      bssCOMRAM    000045
_Toggle_Fan                        text4        00294E
_Turn_Off_Fan                      text6        002A56
_Turn_On_Fan                       text5        002A04
_Update_Screen                     text2        000976
_Wait_Half_Second                  text54       002908
__CFG_BOREN$OFF                    (abs)        000000
__CFG_CCP2MX$PORTBE                (abs)        000000
__CFG_LVP$OFF                      (abs)        000000
__CFG_OSC$INTIO67                  (abs)        000000
__CFG_WDT$OFF                      (abs)        000000
__HRAM                             (abs)        000000
__Habs1                            abs1         000000
__Hbank0                           bank0        000000
__Hbank1                           bank1        000000
__Hbank10                          bank10       000000
__Hbank11                          bank11       000000
__Hbank12                          bank12       000000
__Hbank13                          bank13       000000
__Hbank14                          bank14       000000
__Hbank15                          bank15       000000
__Hbank2                           bank2        000000
__Hbank3                           bank3        000000
__Hbank4                           bank4        000000
__Hbank5                           bank5        000000
__Hbank6                           bank6        000000
__Hbank7                           bank7        000000
__Hbank8                           bank8        000000
__Hbank9                           bank9        000000
__Hbigbss                          bigbss       000000
__Hbigdata                         bigdata      000000
__Hbigram                          bigram       000000
__Hbss                             bss          000000
__HbssBANK0                        bssBANK0     000000
__HbssCOMRAM                       bssCOMRAM    000000
__Hcinit                           cinit        000000
__Hclrtext                         clrtext      000000
__Hcomram                          comram       000000
__Hconfig                          config       30000E
__Hconst                           const        000000
__HcstackBANK0                     cstackBANK0  000000
__HcstackBANK1                     cstackBANK1  000000
__HcstackCOMRAM                    cstackCOMRAM 000000
__Hdata                            data         000000
__HdataBANK0                       dataBANK0    000000
__HdataBANK1                       dataBANK1    000000
__HdataCOMRAM                      dataCOMRAM   000000
__Heeprom_data                     eeprom_data  000000
__Hend_init                        end_init     00001C
__Hfarbss                          farbss       000000
__Hfardata                         fardata      000000
__Hibigdata                        ibigdata     000000
__Hidata                           idata        000000
__HidataBANK0                      idataBANK0   000000
__HidataBANK1                      idataBANK1   000000
__HidataCOMRAM                     idataCOMRAM  000000
__Hidloc                           idloc        200008
__Hifardata                        ifardata     000000
__Hinit                            init         000018
__Hintcode                         intcode      000018
__Hintcode_body                    intcode_body 000000
__Hintcodelo                       intcodelo    000018
__Hintentry                        intentry     000000
__Hintret                          intret       000000
__Hintsave_regs                    intsave_regs 000000
__Hirdata                          irdata       000000
__Hmediumconst                     mediumconst  00FD00
__HnvFARRAM                        nvFARRAM     000000
__Hnvbit                           nvbit        000000
__Hnvrram                          nvrram       000000
__Hparam                           rparam       000000
__Hpowerup                         powerup      000018
__Hram                             ram          000000
__Hramtop                          ramtop       001000
__Hrbit                            rbit         000000
__Hrbss                            rbss         000000
__Hrdata                           rdata        000000
__Hreset_vec                       reset_vec    000006
__Hrparam                          rparam       000000
__Hsfr                             sfr          000000
__Hsmallconst                      smallconst   000000
__Hspace_0                         (abs)        30000E
__Hspace_1                         (abs)        00018C
__Hspace_2                         (abs)        000000
__Hstack                           stack        000000
__Hstruct                          struct       000000
__Htemp                            temp         000000
__Htext                            text         000000
__Htext0                           text0        000000
__Htext1                           text1        000000
__Htext10                          text10       000000
__Htext11                          text11       000000
__Htext12                          text12       000000
__Htext13                          text13       000000
__Htext14                          text14       000000
__Htext15                          text15       000000
__Htext16                          text16       000000
__Htext17                          text17       000000
__Htext18                          text18       000000
__Htext19                          text19       000000
__Htext2                           text2        000000
__Htext20                          text20       000000
__Htext21                          text21       000000
__Htext22                          text22       000000
__Htext23                          text23       000000
__Htext24                          text24       000000
__Htext25                          text25       000000
__Htext26                          text26       000000
__Htext27                          text27       000000
__Htext28                          text28       000000
__Htext29                          text29       000000
__Htext3                           text3        000000
__Htext30                          text30       000000
__Htext31                          text31       000000
__Htext32                          text32       000000
__Htext33                          text33       000000
__Htext34                          text34       000000
__Htext35                          text35       000000
__Htext36                          text36       000000
__Htext37                          text37       000000
__Htext38                          text38       000000
__Htext39                          text39       000000
__Htext4                           text4        000000
__Htext40                          text40       000000
__Htext41                          text41       000000
__Htext42                          text42       000000
__Htext43                          text43       000000
__Htext44                          text44       000000
__Htext45                          text45       000000
__Htext46                          text46       000000
__Htext47                          text47       000000
__Htext48                          text48       000000
__Htext49                          text49       000000
__Htext5                           text5        000000
__Htext50                          text50       000000
__Htext51                          text51       000000
__Htext52                          text52       000000
__Htext53                          text53       000000
__Htext54                          text54       000000
__Htext55                          text55       000000
__Htext56                          text56       000000
__Htext57                          text57       000000
__Htext58                          text58       000000
__Htext59                          text59       000000
__Htext6                           text6        000000
__Htext60                          text60       000000
__Htext61                          text61       000000
__Htext62                          text62       000000
__Htext63                          text63       000000
__Htext64                          text64       000000
__Htext65                          text65       000000
__Htext66                          text66       000000
__Htext67                          text67       000000
__Htext68                          text68       000000
__Htext69                          text69       000000
__Htext7                           text7        000000
__Htext70                          text70       000000
__Htext72                          text72       000000
__Htext73                          text73       000000
__Htext74                          text74       000000
__Htext8                           text8        000000
__Htext9                           text9        000000
__LRAM                             (abs)        000001
__Labs1                            abs1         000000
__Lbank0                           bank0        000000
__Lbank1                           bank1        000000
__Lbank10                          bank10       000000
__Lbank11                          bank11       000000
__Lbank12                          bank12       000000
__Lbank13                          bank13       000000
__Lbank14                          bank14       000000
__Lbank15                          bank15       000000
__Lbank2                           bank2        000000
__Lbank3                           bank3        000000
__Lbank4                           bank4        000000
__Lbank5                           bank5        000000
__Lbank6                           bank6        000000
__Lbank7                           bank7        000000
__Lbank8                           bank8        000000
__Lbank9                           bank9        000000
__Lbigbss                          bigbss       000000
__Lbigdata                         bigdata      000000
__Lbigram                          bigram       000000
__Lbss                             bss          000000
__LbssBANK0                        bssBANK0     000000
__LbssCOMRAM                       bssCOMRAM    000000
__Lcinit                           cinit        000000
__Lclrtext                         clrtext      000000
__Lcomram                          comram       000000
__Lconfig                          config       300000
__Lconst                           const        000000
__LcstackBANK0                     cstackBANK0  000000
__LcstackBANK1                     cstackBANK1  000000
__LcstackCOMRAM                    cstackCOMRAM 000000
__Ldata                            data         000000
__LdataBANK0                       dataBANK0    000000
__LdataBANK1                       dataBANK1    000000
__LdataCOMRAM                      dataCOMRAM   000000
__Leeprom_data                     eeprom_data  000000
__Lend_init                        end_init     000018
__Lfarbss                          farbss       000000
__Lfardata                         fardata      000000
__Libigdata                        ibigdata     000000
__Lidata                           idata        000000
__LidataBANK0                      idataBANK0   000000
__LidataBANK1                      idataBANK1   000000
__LidataCOMRAM                     idataCOMRAM  000000
__Lidloc                           idloc        200000
__Lifardata                        ifardata     000000
__Linit                            init         000018
__Lintcode                         intcode      000008
__Lintcode_body                    intcode_body 000000
__Lintcodelo                       intcodelo    000018
__Lintentry                        intentry     000000
__Lintret                          intret       000000
__Lintsave_regs                    intsave_regs 000000
__Lirdata                          irdata       000000
__Lmediumconst                     mediumconst  00F9EC
__LnvFARRAM                        nvFARRAM     000000
__Lnvbit                           nvbit        000000
__Lnvrram                          nvrram       000000
__Lparam                           rparam       000000
__Lpowerup                         powerup      000018
__Lram                             ram          000000
__Lramtop                          ramtop       001000
__Lrbit                            rbit         000000
__Lrbss                            rbss         000000
__Lrdata                           rdata        000000
__Lreset_vec                       reset_vec    000000
__Lrparam                          rparam       000000
__Lsfr                             sfr          000000
__Lsmallconst                      smallconst   000000
__Lspace_0                         (abs)        000000
__Lspace_1                         (abs)        000000
__Lspace_2                         (abs)        000000
__Lstack                           stack        000000
__Lstruct                          struct       000000
__Ltemp                            temp         000000
__Ltext                            text         000000
__Ltext0                           text0        000000
__Ltext1                           text1        000000
__Ltext10                          text10       000000
__Ltext11                          text11       000000
__Ltext12                          text12       000000
__Ltext13                          text13       000000
__Ltext14                          text14       000000
__Ltext15                          text15       000000
__Ltext16                          text16       000000
__Ltext17                          text17       000000
__Ltext18                          text18       000000
__Ltext19                          text19       000000
__Ltext2                           text2        000000
__Ltext20                          text20       000000
__Ltext21                          text21       000000
__Ltext22                          text22       000000
__Ltext23                          text23       000000
__Ltext24                          text24       000000
__Ltext25                          text25       000000
__Ltext26                          text26       000000
__Ltext27                          text27       000000
__Ltext28                          text28       000000
__Ltext29                          text29       000000
__Ltext3                           text3        000000
__Ltext30                          text30       000000
__Ltext31                          text31       000000
__Ltext32                          text32       000000
__Ltext33                          text33       000000
__Ltext34                          text34       000000
__Ltext35                          text35       000000
__Ltext36                          text36       000000
__Ltext37                          text37       000000
__Ltext38                          text38       000000
__Ltext39                          text39       000000
__Ltext4                           text4        000000
__Ltext40                          text40       000000
__Ltext41                          text41       000000
__Ltext42                          text42       000000
__Ltext43                          text43       000000
__Ltext44                          text44       000000
__Ltext45                          text45       000000
__Ltext46                          text46       000000
__Ltext47                          text47       000000
__Ltext48                          text48       000000
__Ltext49                          text49       000000
__Ltext5                           text5        000000
__Ltext50                          text50       000000
__Ltext51                          text51       000000
__Ltext52                          text52       000000
__Ltext53                          text53       000000
__Ltext54                          text54       000000
__Ltext55                          text55       000000
__Ltext56                          text56       000000
__Ltext57                          text57       000000
__Ltext58                          text58       000000
__Ltext59                          text59       000000
__Ltext6                           text6        000000
__Ltext60                          text60       000000
__Ltext61                          text61       000000
__Ltext62                          text62       000000
__Ltext63                          text63       000000
__Ltext64                          text64       000000
__Ltext65                          text65       000000
__Ltext66                          text66       000000
__Ltext67                          text67       000000
__Ltext68                          text68       000000
__Ltext69                          text69       000000
__Ltext7                           text7        000000
__Ltext70                          text70       000000
__Ltext72                          text72       000000
__Ltext73                          text73       000000
__Ltext74                          text74       000000
__Ltext8                           text8        000000
__Ltext9                           text9        000000
__S0                               (abs)        30000E
__S1                               (abs)        00018C
__S2                               (abs)        000000
___awdiv                           text9        001E6C
___awdiv@counter                   cstackCOMRAM 00001B
___awdiv@dividend                  cstackCOMRAM 000017
___awdiv@divisor                   cstackCOMRAM 000019
___awdiv@quotient                  cstackCOMRAM 00001D
___awdiv@sign                      cstackCOMRAM 00001C
___awmod                           text3        001F8A
___awmod@counter                   cstackCOMRAM 000023
___awmod@dividend                  cstackCOMRAM 00001F
___awmod@divisor                   cstackCOMRAM 000021
___awmod@sign                      cstackCOMRAM 000024
___ftdiv                           text51       001B26
___ftdiv@cntr                      cstackCOMRAM 000035
___ftdiv@exp                       cstackCOMRAM 000039
___ftdiv@f1                        cstackCOMRAM 00002C
___ftdiv@f2                        cstackCOMRAM 00002F
___ftdiv@f3                        cstackCOMRAM 000036
___ftdiv@sign                      cstackCOMRAM 00003A
___ftmul                           text50       001856
___ftmul@cntr                      cstackCOMRAM 00002A
___ftmul@exp                       cstackCOMRAM 000026
___ftmul@f1                        cstackCOMRAM 00001D
___ftmul@f2                        cstackCOMRAM 000020
___ftmul@f3_as_product             cstackCOMRAM 000027
___ftmul@sign                      cstackCOMRAM 00002B
___ftpack                          text52       001CE4
___ftpack@arg                      cstackCOMRAM 000011
___ftpack@exp                      cstackCOMRAM 000014
___ftpack@sign                     cstackCOMRAM 000015
___fttol                           text49       001A40
___fttol@exp1                      cstackCOMRAM 00001F
___fttol@f1                        cstackCOMRAM 000011
___fttol@lval                      cstackCOMRAM 00001B
___fttol@sign1                     cstackCOMRAM 00001A
___inthi_sp                        stack        000000
___intlo_sp                        stack        000000
___lbtoft                          text48       00284C
___lbtoft@c                        cstackCOMRAM 00001C
___lwdiv                           text46       002322
___lwdiv@counter                   cstackCOMRAM 000015
___lwdiv@dividend                  cstackCOMRAM 000011
___lwdiv@divisor                   cstackCOMRAM 000013
___lwdiv@quotient                  cstackCOMRAM 000016
___lwmod                           text45       00246A
___lwmod@counter                   cstackCOMRAM 00001C
___lwmod@dividend                  cstackCOMRAM 000018
___lwmod@divisor                   cstackCOMRAM 00001A
___param_bank                      (abs)        000010
___rparam_used                     (abs)        000001
___sp                              stack        000000
___wmul                            text44       002824
___wmul@multiplicand               cstackCOMRAM 000013
___wmul@multiplier                 cstackCOMRAM 000011
___wmul@product                    cstackCOMRAM 000015
__accesstop                        (abs)        000080
__activetblptr                     (abs)        000002
__end_of_Activate_Buzzer           text56       0029AE
__end_of_DS1621_Init               text37       0028D2
__end_of_DS1621_Read_Temp          text59       002610
__end_of_DS3231_Read_Time          text58       002322
__end_of_DS3231_Setup_Time         text57       0022BE
__end_of_Deactivate_Buzzer         text55       002A66
__end_of_Decrease_Speed            text40       0027FA
__end_of_Do_Beep                   text53       002938
__end_of_Do_Init                   text32       00246A
__end_of_I2C_Init                  text36       002A42
__end_of_I2C_ReStart               text66       00294E
__end_of_I2C_Read                  text63       002548
__end_of_I2C_Start                 text62       0029D2
__end_of_I2C_Stop                  text61       0029C0
__end_of_I2C_Write                 text60       002708
__end_of_I2C_Write_Cmd_Only        text39       002908
__end_of_I2C_Write_Cmd_Write_Data  text38       0028B4
__end_of_INT0_isr                  text73       0014DA
__end_of_Increase_Speed            text31       0027CC
__end_of_Initialize_Screen         text10       000FB4
__end_of_LCD_Reset                 text29       00299C
__end_of_OpenUSART                 text34       0021EE
__end_of_Rcmd1                     text25       001856
__end_of_Rcmd2red                  text24       0026CA
__end_of_Rcmd3                     text23       001A40
__end_of_Set_DC_RGB                text8        00258E
__end_of_Set_RPM_RGB               text7        0025D0
__end_of_TFT_GreenTab_Initialize   text22       002824
__end_of_TIMER1_isr                text72       002A38
__end_of_Toggle_Fan                text4        002962
__end_of_Turn_Off_Fan              text6        002A5E
__end_of_Turn_On_Fan               text5        002A12
__end_of_Update_Screen             text2        000D4A
__end_of_Wait_Half_Second          text54       002922
__end_of___awdiv                   text9        001F02
__end_of___awmod                   text3        00200C
__end_of___ftdiv                   text51       001C08
__end_of___ftmul                   text50       00194E
__end_of___ftpack                  text52       001DAA
__end_of___fttol                   text49       001B26
__end_of___lbtoft                  text48       002872
__end_of___lwdiv                   text46       00237E
__end_of___lwmod                   text45       0024B6
__end_of___wmul                    text44       00284C
__end_of__initialization           cinit        002082
__end_of_chkisr                    intcode_body 002108
__end_of_delay_ms                  text30       0023D0
__end_of_do_update_pwm             text47       001E6C
__end_of_dpowers                   mediumconst  00FBDE
__end_of_drawChar                  text16       001630
__end_of_drawCircle                text19       00136E
__end_of_drawFastVLine             text18       001F8A
__end_of_drawPixel                 text20       00279C
__end_of_drawtext                  text14       001746
__end_of_fillRect                  text17       002500
__end_of_fillRectangle             text13       001CE4
__end_of_fillScreen                text12       0028EE
__end_of_font                      mediumconst  00FAEC
__end_of_font2                     mediumconst  00FBC8
__end_of_force_nec_state0          text74       002A7E
__end_of_get_RPM                   text1        00264E
__end_of_hexpowers                 mediumconst  00FBE6
__end_of_i2cAck                    text65       0029E4
__end_of_i2cHighScl                text70       002A2C
__end_of_i2cHighSda                text69       002A76
__end_of_i2cLowScl                 text68       002A6E
__end_of_i2cLowSda                 text67       002A56
__end_of_i2cNack                   text64       002A4C
__end_of_init_INTERRUPT            text35       00276C
__end_of_init_UART                 text33       00298A
__end_of_isdigit                   text43       002894
__end_of_main                      text0        0011C0
__end_of_octpowers                 mediumconst  00FBD4
__end_of_printf                    text41       000976
__end_of_putch                     text42       002A20
__end_of_setAddrWindow             text21       00241E
__end_of_spiwrite                  text28       002976
__end_of_strcpy                    text11       00273A
__end_of_strlen                    text15       00268C
__end_of_write_command             text27       002A04
__end_of_write_data                text26       0029F4
__initialization                   cinit        00200C
__mediumconst                      mediumconst  00F9EC
__pbssBANK0                        bssBANK0     0000F7
__pbssCOMRAM                       bssCOMRAM    000041
__pcinit                           cinit        00200C
__pcstackBANK0                     cstackBANK0  0000E9
__pcstackBANK1                     cstackBANK1  000175
__pcstackCOMRAM                    cstackCOMRAM 000001
__pdataBANK0                       dataBANK0    000080
__pdataBANK1                       dataBANK1    000100
__pdataCOMRAM                      dataCOMRAM   00006D
__pidataBANK0                      idataBANK0   0021EE
__pidataBANK1                      idataBANK1   002108
__pidataCOMRAM                     idataCOMRAM  002A7E
__pintcode                         intcode      000008
__pintcode_body                    intcode_body 00208C
__pmediumconst                     mediumconst  00F9EC
__ptext0                           text0        000FB4
__ptext1                           text1        002610
__ptext10                          text10       000D4A
__ptext11                          text11       002708
__ptext12                          text12       0028D2
__ptext13                          text13       001C08
__ptext14                          text14       001630
__ptext15                          text15       00264E
__ptext16                          text16       0014DA
__ptext17                          text17       0024B6
__ptext18                          text18       001F02
__ptext19                          text19       0011C0
__ptext2                           text2        000976
__ptext20                          text20       00276C
__ptext21                          text21       0023D0
__ptext22                          text22       0027FA
__ptext23                          text23       00194E
__ptext24                          text24       00268C
__ptext25                          text25       001746
__ptext26                          text26       0029E4
__ptext27                          text27       0029F4
__ptext28                          text28       002962
__ptext29                          text29       00298A
__ptext3                           text3        001F8A
__ptext30                          text30       00237E
__ptext31                          text31       00279C
__ptext32                          text32       00241E
__ptext33                          text33       002976
__ptext34                          text34       00217E
__ptext35                          text35       00273A
__ptext36                          text36       002A38
__ptext37                          text37       0028B4
__ptext38                          text38       002894
__ptext39                          text39       0028EE
__ptext4                           text4        00294E
__ptext40                          text40       0027CC
__ptext41                          text41       00001C
__ptext42                          text42       002A12
__ptext43                          text43       002872
__ptext44                          text44       002824
__ptext45                          text45       00246A
__ptext46                          text46       002322
__ptext47                          text47       001DAA
__ptext48                          text48       00284C
__ptext49                          text49       001A40
__ptext5                           text5        002A04
__ptext50                          text50       001856
__ptext51                          text51       001B26
__ptext52                          text52       001CE4
__ptext53                          text53       002922
__ptext54                          text54       002908
__ptext55                          text55       002A5E
__ptext56                          text56       00299C
__ptext57                          text57       002258
__ptext58                          text58       0022BE
__ptext59                          text59       0025D0
__ptext6                           text6        002A56
__ptext60                          text60       0026CA
__ptext61                          text61       0029AE
__ptext62                          text62       0029C0
__ptext63                          text63       002500
__ptext64                          text64       002A42
__ptext65                          text65       0029D2
__ptext66                          text66       002938
__ptext67                          text67       002A4C
__ptext68                          text68       002A66
__ptext69                          text69       002A6E
__ptext7                           text7        00258E
__ptext70                          text70       002A20
__ptext72                          text72       002A2C
__ptext73                          text73       00136E
__ptext74                          text74       002A76
__ptext8                           text8        002548
__ptext9                           text9        001E6C
__ramtop                           ramtop       001000
__size_of_Activate_Buzzer          (abs)        000000
__size_of_DS1621_Init              (abs)        000000
__size_of_DS1621_Read_Temp         (abs)        000000
__size_of_DS3231_Read_Time         (abs)        000000
__size_of_DS3231_Setup_Time        (abs)        000000
__size_of_Deactivate_Buzzer        (abs)        000000
__size_of_Decrease_Speed           (abs)        000000
__size_of_Do_Beep                  (abs)        000000
__size_of_Do_Init                  (abs)        000000
__size_of_I2C_Init                 (abs)        000000
__size_of_I2C_ReStart              (abs)        000000
__size_of_I2C_Read                 (abs)        000000
__size_of_I2C_Start                (abs)        000000
__size_of_I2C_Stop                 (abs)        000000
__size_of_I2C_Write                (abs)        000000
__size_of_I2C_Write_Cmd_Only       (abs)        000000
__size_of_I2C_Write_Cmd_Write_Data (abs)        000000
__size_of_INT0_isr                 (abs)        000000
__size_of_Increase_Speed           (abs)        000000
__size_of_Initialize_Screen        (abs)        000000
__size_of_LCD_Reset                (abs)        000000
__size_of_OpenUSART                (abs)        000000
__size_of_Rcmd1                    (abs)        000000
__size_of_Rcmd2red                 (abs)        000000
__size_of_Rcmd3                    (abs)        000000
__size_of_Set_DC_RGB               (abs)        000000
__size_of_Set_RPM_RGB              (abs)        000000
__size_of_TFT_GreenTab_Initialize  (abs)        000000
__size_of_TIMER1_isr               (abs)        000000
__size_of_Toggle_Fan               (abs)        000000
__size_of_Turn_Off_Fan             (abs)        000000
__size_of_Turn_On_Fan              (abs)        000000
__size_of_Update_Screen            (abs)        000000
__size_of_Wait_Half_Second         (abs)        000000
__size_of___awdiv                  (abs)        000000
__size_of___awmod                  (abs)        000000
__size_of___ftdiv                  (abs)        000000
__size_of___ftmul                  (abs)        000000
__size_of___ftpack                 (abs)        000000
__size_of___fttol                  (abs)        000000
__size_of___lbtoft                 (abs)        000000
__size_of___lwdiv                  (abs)        000000
__size_of___lwmod                  (abs)        000000
__size_of___wmul                   (abs)        000000
__size_of_chkisr                   (abs)        000000
__size_of_delay_ms                 (abs)        000000
__size_of_do_update_pwm            (abs)        000000
__size_of_drawChar                 (abs)        000000
__size_of_drawCircle               (abs)        000000
__size_of_drawFastVLine            (abs)        000000
__size_of_drawPixel                (abs)        000000
__size_of_drawtext                 (abs)        000000
__size_of_fillRect                 (abs)        000000
__size_of_fillRectangle            (abs)        000000
__size_of_fillScreen               (abs)        000000
__size_of_force_nec_state0         (abs)        000000
__size_of_get_RPM                  (abs)        000000
__size_of_i2cAck                   (abs)        000000
__size_of_i2cHighScl               (abs)        000000
__size_of_i2cHighSda               (abs)        000000
__size_of_i2cLowScl                (abs)        000000
__size_of_i2cLowSda                (abs)        000000
__size_of_i2cNack                  (abs)        000000
__size_of_init_INTERRUPT           (abs)        000000
__size_of_init_UART                (abs)        000000
__size_of_isdigit                  (abs)        000000
__size_of_main                     (abs)        000000
__size_of_printf                   (abs)        000000
__size_of_putch                    (abs)        000000
__size_of_setAddrWindow            (abs)        000000
__size_of_spiwrite                 (abs)        000000
__size_of_strcpy                   (abs)        000000
__size_of_strlen                   (abs)        000000
__size_of_write_command            (abs)        000000
__size_of_write_data               (abs)        000000
__smallconst                       smallconst   000000
__tft_type                         bssCOMRAM    000052
_alarm_date                        bssCOMRAM    000053
_alarm_hour                        bssCOMRAM    000054
_alarm_minute                      bssCOMRAM    000055
_alarm_second                      bssCOMRAM    000056
_alarm_time                        dataBANK0    00008B
_array1                            dataBANK1    00013F
_bit_count                         bssCOMRAM    000057
_buffer                            dataBANK1    000154
_chkisr                            intcode      000008
_color                             dataBANK1    000100
_colstart                          bssCOMRAM    000058
_date                              dataBANK0    0000C2
_day                               bssCOMRAM    000059
_delay_ms                          text30       00237E
_do_update_pwm                     text47       001DAA
_dow                               bssCOMRAM    00005A
_dpowers                           mediumconst  00FBD4
_drawChar                          text16       0014DA
_drawCircle                        text19       0011C0
_drawFastVLine                     text18       001F02
_drawPixel                         text20       00276C
_drawtext                          text14       001630
_duty_cycle                        bssCOMRAM    00005B
_fillRect                          text17       0024B6
_fillRectangle                     text13       001C08
_fillScreen                        text12       0028D2
_font                              mediumconst  00F9ED
_font2                             mediumconst  00FAEC
_force_nec_state0                  text74       002A76
_found                             bssCOMRAM    00005C
_get_RPM                           text1        002610
_hexpowers                         mediumconst  00FBDE
_hour                              bssCOMRAM    00005D
_i                                 bssCOMRAM    00005E
_i2cAck                            text65       0029D2
_i2cHighScl                        text70       002A20
_i2cHighSda                        text69       002A6E
_i2cLowScl                         text68       002A66
_i2cLowSda                         text67       002A4C
_i2cNack                           text64       002A42
_init_INTERRUPT                    text35       00273A
_init_UART                         text33       002976
_isdigit                           text43       002872
_isdigit$2268                      cstackCOMRAM 000012
_main                              text0        000FB4
_minute                            bssCOMRAM    00005F
_month                             bssCOMRAM    000060
_nbr                               bssBANK0     0000FD
_nec_ok                            bssCOMRAM    000047
_octpowers                         mediumconst  00FBC8
_printf                            text41       00001C
_printf$1738                       cstackBANK1  000178
_printf$1739                       cstackBANK1  00017A
_printf$1745                       cstackBANK1  00017C
_putch                             text42       002A12
_rowstart                          bssCOMRAM    000061
_rpm                               bssCOMRAM    000049
_rps                               bssCOMRAM    00004B
_second                            bssCOMRAM    000062
_setAddrWindow                     text21       0023D0
_setup_alarm_hour                  bssCOMRAM    000063
_setup_alarm_minute                bssCOMRAM    000064
_setup_alarm_second                bssCOMRAM    000065
_setup_alarm_time                  dataBANK0    000094
_setup_date                        dataBANK0    00009D
_setup_day                         bssCOMRAM    000066
_setup_fan_temp                    dataCOMRAM   00006D
_setup_fan_text                    dataBANK0    0000B7
_setup_hour                        bssCOMRAM    000067
_setup_minute                      bssCOMRAM    000068
_setup_month                       bssCOMRAM    000069
_setup_second                      bssCOMRAM    00006A
_setup_time                        dataBANK0    0000A6
_setup_year                        bssCOMRAM    00006B
_spiwrite                          text28       002962
_strcpy                            text11       002708
_strlen                            text15       00264E
_tempC                             dataBANK0    0000E1
_tempF                             dataBANK0    0000E5
_tempSecond                        dataCOMRAM   00006E
_time                              dataBANK0    0000CB
_txt                               bssCOMRAM    00004D
_wrap                              dataCOMRAM   00006F
_write_command                     text27       0029F4
_write_data                        text26       0029E4
_year                              bssCOMRAM    00006C
delay_ms@count                     cstackCOMRAM 00001B
delay_ms@ms                        cstackCOMRAM 000017
do_update_pwm@dc_I                 cstackBANK0  0000ED
do_update_pwm@dc_f                 cstackBANK0  0000E9
do_update_pwm@duty_cycle           cstackBANK0  0000EC
drawChar@bg                        cstackCOMRAM 000032
drawChar@c                         cstackCOMRAM 00002F
drawChar@color                     cstackCOMRAM 000030
drawChar@i                         cstackCOMRAM 000038
drawChar@j                         cstackCOMRAM 000037
drawChar@line                      cstackCOMRAM 000035
drawChar@size                      cstackCOMRAM 000034
drawChar@x                         cstackCOMRAM 000036
drawChar@y                         cstackCOMRAM 00002E
drawCircle@color                   cstackCOMRAM 000022
drawCircle@ddF_x                   cstackCOMRAM 000026
drawCircle@ddF_y                   cstackCOMRAM 000028
drawCircle@f                       cstackCOMRAM 00002A
drawCircle@r                       cstackCOMRAM 000020
drawCircle@x                       cstackCOMRAM 00002C
drawCircle@x0                      cstackCOMRAM 00001C
drawCircle@y                       cstackCOMRAM 00002E
drawCircle@y0                      cstackCOMRAM 00001E
drawFastVLine@color                cstackCOMRAM 00001A
drawFastVLine@h                    cstackCOMRAM 000019
drawFastVLine@hi                   cstackCOMRAM 000020
drawFastVLine@lo                   cstackCOMRAM 000021
drawFastVLine@x                    cstackCOMRAM 000022
drawFastVLine@y                    cstackCOMRAM 000018
drawPixel@color                    cstackCOMRAM 000019
drawPixel@x                        cstackCOMRAM 00001B
drawPixel@y                        cstackCOMRAM 000018
drawtext@_text                     cstackCOMRAM 00003A
drawtext@bg                        cstackCOMRAM 00003E
drawtext@color                     cstackCOMRAM 00003C
drawtext@cursor_x                  cstackBANK0  0000F1
drawtext@cursor_y                  cstackBANK0  0000F0
drawtext@i                         cstackBANK0  0000EE
drawtext@size                      cstackCOMRAM 000040
drawtext@textsize                  cstackBANK0  0000EC
drawtext@x                         cstackBANK0  0000EB
drawtext@y                         cstackCOMRAM 000039
end_of_initialization              cinit        002082
fillRect@color                     cstackCOMRAM 000026
fillRect@h                         cstackCOMRAM 000025
fillRect@i                         cstackCOMRAM 00002C
fillRect@w                         cstackCOMRAM 000024
fillRect@x                         cstackCOMRAM 00002B
fillRect@y                         cstackCOMRAM 000023
fillRectangle@color                cstackCOMRAM 00001B
fillRectangle@h                    cstackCOMRAM 00001A
fillRectangle@hi                   cstackCOMRAM 000021
fillRectangle@lo                   cstackCOMRAM 000022
fillRectangle@w                    cstackCOMRAM 000019
fillRectangle@x                    cstackCOMRAM 000023
fillRectangle@y                    cstackCOMRAM 000018
fillScreen@color                   cstackCOMRAM 000024
get_RPM@RPS                        cstackCOMRAM 000021
int_func                           intcode_body 00208C
intlevel0                          text         000000
intlevel1                          text         000000
intlevel2                          text         000000
intlevel3                          text         000000
isdigit@c                          cstackCOMRAM 000013
main@j                             cstackBANK1  00018A
printf@ap                          cstackBANK1  000180
printf@c                           cstackBANK1  000187
printf@cp                          cstackBANK1  000176
printf@f                           cstackCOMRAM 00001D
printf@flag                        cstackBANK1  000188
printf@idx                         cstackBANK1  000175
printf@len                         cstackBANK1  00017E
printf@prec                        cstackBANK1  000184
printf@val                         cstackBANK1  000182
printf@width                       cstackBANK1  000185
putch@c                            cstackCOMRAM 000011
setAddrWindow@x0                   cstackCOMRAM 000017
setAddrWindow@x1                   cstackCOMRAM 000015
setAddrWindow@y0                   cstackCOMRAM 000014
setAddrWindow@y1                   cstackCOMRAM 000016
spiwrite@spidata                   cstackCOMRAM 000012
spiwrite@x                         cstackCOMRAM 000011
stackhi                            (abs)        000EEE
stacklo                            (abs)        00018C
start                              init         000018
start_initialization               cinit        00200C
strcpy@cp                          cstackCOMRAM 000015
strcpy@from                        cstackCOMRAM 000013
strcpy@to                          cstackCOMRAM 000011
strlen@cp                          cstackCOMRAM 000015
strlen@s                           cstackCOMRAM 000011
write_command@cmd_                 cstackCOMRAM 000013
write_data@data_                   cstackCOMRAM 000013


FUNCTION INFORMATION:

 *************** function _main *****************
 Defined at:
		line 119 in file "lap12p1.c"
 Parameters:    Size  Location     Type
		None
 Auto vars:     Size  Location     Type
  j               2   21[BANK1 ] int 
 Return value:  Size  Location     Type
		None               void
 Registers used:
		wreg, fsr2l, fsr2h, status,2, status,0, tblptrl, tblptrh, tblptru, prodl, prodh, cstack
 Tracked objects:
		On entry : 
		On exit  : 
		Unchanged: 
 Data sizes:     COMRAM   BANK0   BANK1   BANK2   BANK3   BANK4   BANK5   BANK6   BANK7   BANK8   BANK9  BANK10  BANK11  BANK12  BANK13  BANK14  BANK15
      Params:         0       0       0       0       0       0       0       0       0       0       0       0       0       0       0       0       0
      Locals:         0       0       2       0       0       0       0       0       0       0       0       0       0       0       0       0       0
      Temps:          0       1       0       0       0       0       0       0       0       0       0       0       0       0       0       0       0
      Totals:         0       1       2       0       0       0       0       0       0       0       0       0       0       0       0       0       0
Total ram usage:        3 bytes
 Hardware stack levels required when called:   11
 This function calls:
		_Activate_Buzzer
		_DS1621_Read_Temp
		_DS3231_Read_Time
		_DS3231_Setup_Time
		_Deactivate_Buzzer
		_Decrease_Speed
		_Do_Beep
		_Do_Init
		_Increase_Speed
		_Initialize_Screen
		_Set_DC_RGB
		_Set_RPM_RGB
		_Toggle_Fan
		_Update_Screen
		_Wait_Half_Second
		___awdiv
		___wmul
		_do_update_pwm
		_get_RPM
		_printf
 This function is called by:
		Startup code after reset
 This function uses a non-reentrant model


 *************** function _get_RPM *****************
 Defined at:
		line 23 in file "Fan_Support.c"
 Parameters:    Size  Location     Type
		None
 Auto vars:     Size  Location     Type
  RPS             2   32[COMRAM] int 
 Return value:  Size  Location     Type
                  2   30[COMRAM] int 
 Registers used:
		wreg, status,2, status,0, prodl, prodh, cstack
 Tracked objects:
		On entry : 
		On exit  : 
		Unchanged: 
 Data sizes:     COMRAM   BANK0   BANK1   BANK2   BANK3   BANK4   BANK5   BANK6   BANK7   BANK8   BANK9  BANK10  BANK11  BANK12  BANK13  BANK14  BANK15
      Params:         2       0       0       0       0       0       0       0       0       0       0       0       0       0       0       0       0
      Locals:         2       0       0       0       0       0       0       0       0       0       0       0       0       0       0       0       0
      Temps:          0       0       0       0       0       0       0       0       0       0       0       0       0       0       0       0       0
      Totals:         4       0       0       0       0       0       0       0       0       0       0       0       0       0       0       0       0
Total ram usage:        4 bytes
 Hardware stack levels used:    1
 Hardware stack levels required when called:    4
 This function calls:
		___awdiv
		___wmul
 This function is called by:
		_main
 This function uses a non-reentrant model


 *************** function _Update_Screen *****************
 Defined at:
		line 69 in file "Main_Screen.c"
 Parameters:    Size  Location     Type
		None
 Auto vars:     Size  Location     Type
  neg_tempF       2   11[BANK0 ] int 
 Return value:  Size  Location     Type
                  2  123[None  ] int 
 Registers used:
		wreg, fsr2l, fsr2h, status,2, status,0, tblptrl, tblptrh, tblptru, prodl, prodh, cstack
 Tracked objects:
		On entry : 
		On exit  : 
		Unchanged: 
 Data sizes:     COMRAM   BANK0   BANK1   BANK2   BANK3   BANK4   BANK5   BANK6   BANK7   BANK8   BANK9  BANK10  BANK11  BANK12  BANK13  BANK14  BANK15
      Params:         0       0       0       0       0       0       0       0       0       0       0       0       0       0       0       0       0
      Locals:         0       2       0       0       0       0       0       0       0       0       0       0       0       0       0       0       0
      Temps:          0       2       0       0       0       0       0       0       0       0       0       0       0       0       0       0       0
      Totals:         0       4       0       0       0       0       0       0       0       0       0       0       0       0       0       0       0
Total ram usage:        4 bytes
 Hardware stack levels used:    1
 Hardware stack levels required when called:   10
 This function calls:
		___awdiv
		___awmod
		_drawtext
		_strcpy
 This function is called by:
		_main
 This function uses a non-reentrant model


 *************** function ___awmod *****************
 Defined at:
		line 8 in file "C:\Program Files (x86)\Microchip\xc8\v1.34\sources\common\awmod.c"
 Parameters:    Size  Location     Type
  dividend        2   30[COMRAM] int 
  divisor         2   32[COMRAM] int 
 Auto vars:     Size  Location     Type
  sign            1   35[COMRAM] unsigned char 
  counter         1   34[COMRAM] unsigned char 
 Return value:  Size  Location     Type
                  2   30[COMRAM] int 
 Registers used:
		wreg, status,2, status,0
 Tracked objects:
		On entry : 
		On exit  : 
		Unchanged: 
 Data sizes:     COMRAM   BANK0   BANK1   BANK2   BANK3   BANK4   BANK5   BANK6   BANK7   BANK8   BANK9  BANK10  BANK11  BANK12  BANK13  BANK14  BANK15
[...]
      Locals:         0       0       0       0       0       0       0       0       0       0       0       0       0       0       0       0       0
      Temps:          0       0       0       0       0       0       0       0       0       0       0       0       0       0       0       0       0
      Totals:         0       0       0       0       0       0       0       0       0       0       0       0       0       0       0       0       0
Total ram usage:        0 bytes
 Hardware stack levels used:    1
 Hardware stack levels required when called:    4
 This function calls:
		_i2cHighScl
		_i2cHighSda
		_i2cLowScl
		_i2cLowSda
 This function is called by:
		_I2C_Read
 This function uses a non-reentrant model


 *************** function _I2C_ReStart *****************
 Defined at:
		line 79 in file "I2C_Soft.c"
 Parameters:    Size  Location     Type
		None
 Auto vars:     Size  Location     Type
		None
 Return value:  Size  Location     Type
		None               void
 Registers used:
		wreg, cstack
 Tracked objects:
		On entry : 
		On exit  : 
		Unchanged: 
 Data sizes:     COMRAM   BANK0   BANK1   BANK2   BANK3   BANK4   BANK5   BANK6   BANK7   BANK8   BANK9  BANK10  BANK11  BANK12  BANK13  BANK14  BANK15
      Params:         0       0       0       0       0       0       0       0       0       0       0       0       0       0       0       0       0
      Locals:         0       0       0       0       0       0       0       0       0       0       0       0       0       0       0       0       0
      Temps:          0       0       0       0       0       0       0       0       0       0       0       0       0       0       0       0       0
      Totals:         0       0       0       0       0       0       0       0       0       0       0       0       0       0       0       0       0
Total ram usage:        0 bytes
 Hardware stack levels used:    1
 Hardware stack levels required when called:    4
 This function calls:
		_i2cHighScl
		_i2cHighSda
		_i2cLowScl
		_i2cLowSda
 This function is called by:
		_DS1621_Read_Temp
		_DS3231_Read_Time
		_I2C_Write_Address_Read_One_Byte
		_I2C_Write_Cmd_Read_One_Byte
 This function uses a non-reentrant model


 *************** function _i2cLowSda *****************
 Defined at:
		line 102 in file "I2C_Soft.c"
 Parameters:    Size  Location     Type
		None
 Auto vars:     Size  Location     Type
		None
 Return value:  Size  Location     Type
		None               void
 Registers used:
		None
 Tracked objects:
		On entry : 
		On exit  : 
		Unchanged: 
 Data sizes:     COMRAM   BANK0   BANK1   BANK2   BANK3   BANK4   BANK5   BANK6   BANK7   BANK8   BANK9  BANK10  BANK11  BANK12  BANK13  BANK14  BANK15
      Params:         0       0       0       0       0       0       0       0       0       0       0       0       0       0       0       0       0
      Locals:         0       0       0       0       0       0       0       0       0       0       0       0       0       0       0       0       0
      Temps:          0       0       0       0       0       0       0       0       0       0       0       0       0       0       0       0       0
      Totals:         0       0       0       0       0       0       0       0       0       0       0       0       0       0       0       0       0
Total ram usage:        0 bytes
 Hardware stack levels used:    1
 Hardware stack levels required when called:    3
 This function calls:
		Nothing
 This function is called by:
		_I2C_Write
		_i2cAck
		_I2C_Start
		_I2C_ReStart
		_I2C_Stop
 This function uses a non-reentrant model


 *************** function _i2cLowScl *****************
 Defined at:
		line 115 in file "I2C_Soft.c"
 Parameters:    Size  Location     Type
		None
 Auto vars:     Size  Location     Type
		None
 Return value:  Size  Location     Type
		None               void
 Registers used:
		None
 Tracked objects:
		On entry : 
		On exit  : 
		Unchanged: 
 Data sizes:     COMRAM   BANK0   BANK1   BANK2   BANK3   BANK4   BANK5   BANK6   BANK7   BANK8   BANK9  BANK10  BANK11  BANK12  BANK13  BANK14  BANK15
      Params:         0       0       0       0       0       0       0       0       0       0       0       0       0       0       0       0       0
      Locals:         0       0       0       0       0       0       0       0       0       0       0       0       0       0       0       0       0
      Temps:          0       0       0       0       0       0       0       0       0       0       0       0       0       0       0       0       0
      Totals:         0       0       0       0       0       0       0       0       0       0       0       0       0       0       0       0       0
Total ram usage:        0 bytes
 Hardware stack levels used:    1
 Hardware stack levels required when called:    3
 This function calls:
		Nothing
 This function is called by:
		_I2C_Read
		_I2C_Write
		_i2cNack
		_i2cAck
		_I2C_Start
		_I2C_ReStart
		_I2C_Stop
 This function uses a non-reentrant model


 *************** function _i2cHighSda *****************
 Defined at:
		line 96 in file "I2C_Soft.c"
 Parameters:    Size  Location     Type
		None
 Auto vars:     Size  Location     Type
		None
 Return value:  Size  Location     Type
		None               void
 Registers used:
		None
 Tracked objects:
		On entry : 
		On exit  : 
		Unchanged: 
 Data sizes:     COMRAM   BANK0   BANK1   BANK2   BANK3   BANK4   BANK5   BANK6   BANK7   BANK8   BANK9  BANK10  BANK11  BANK12  BANK13  BANK14  BANK15
      Params:         0       0       0       0       0       0       0       0       0       0       0       0       0       0       0       0       0
      Locals:         0       0       0       0       0       0       0       0       0       0       0       0       0       0       0       0       0
      Temps:          0       0       0       0       0       0       0       0       0       0       0       0       0       0       0       0       0
      Totals:         0       0       0       0       0       0       0       0       0       0       0       0       0       0       0       0       0
Total ram usage:        0 bytes
 Hardware stack levels used:    1
 Hardware stack levels required when called:    3
 This function calls:
		Nothing
 This function is called by:
		_I2C_Init
		_I2C_Read
		_I2C_Write
		_i2cAck
		_I2C_Start
		_I2C_ReStart
		_I2C_Stop
 This function uses a non-reentrant model


 *************** function _i2cHighScl *****************
 Defined at:
		line 109 in file "I2C_Soft.c"
 Parameters:    Size  Location     Type
		None
 Auto vars:     Size  Location     Type
		None
 Return value:  Size  Location     Type
		None               void
 Registers used:
		wreg
 Tracked objects:
		On entry : 
		On exit  : 
		Unchanged: 
 Data sizes:     COMRAM   BANK0   BANK1   BANK2   BANK3   BANK4   BANK5   BANK6   BANK7   BANK8   BANK9  BANK10  BANK11  BANK12  BANK13  BANK14  BANK15
      Params:         0       0       0       0       0       0       0       0       0       0       0       0       0       0       0       0       0
      Locals:         0       0       0       0       0       0       0       0       0       0       0       0       0       0       0       0       0
      Temps:          0       0       0       0       0       0       0       0       0       0       0       0       0       0       0       0       0
      Totals:         0       0       0       0       0       0       0       0       0       0       0       0       0       0       0       0       0
Total ram usage:        0 bytes
 Hardware stack levels used:    1
 Hardware stack levels required when called:    3
 This function calls:
		Nothing
 This function is called by:
		_I2C_Init
		_I2C_Read
		_I2C_Write
		_i2cNack
		_i2cAck
		_I2C_Start
		_I2C_ReStart
		_I2C_Stop
 This function uses a non-reentrant model


 *************** function _chkisr *****************
 Defined at:
		line 29 in file "Interrupt.c"
 Parameters:    Size  Location     Type
		None
 Auto vars:     Size  Location     Type
		None
 Return value:  Size  Location     Type
		None               void
 Registers used:
		wreg, status,2, status,0, cstack
 Tracked objects:
		On entry : 
		On exit  : 
		Unchanged: 
 Data sizes:     COMRAM   BANK0   BANK1   BANK2   BANK3   BANK4   BANK5   BANK6   BANK7   BANK8   BANK9  BANK10  BANK11  BANK12  BANK13  BANK14  BANK15
      Params:         0       0       0       0       0       0       0       0       0       0       0       0       0       0       0       0       0
      Locals:         0       0       0       0       0       0       0       0       0       0       0       0       0       0       0       0       0
      Temps:         14       0       0       0       0       0       0       0       0       0       0       0       0       0       0       0       0
      Totals:        14       0       0       0       0       0       0       0       0       0       0       0       0       0       0       0       0
Total ram usage:       14 bytes
 Hardware stack levels used:    1
 Hardware stack levels required when called:    2
 This function calls:
		_INT0_isr
		_TIMER1_isr
 This function is called by:
		Interrupt level 2
 This function uses a non-reentrant model


 *************** function _TIMER1_isr *****************
 Defined at:
		line 35 in file "Interrupt.c"
 Parameters:    Size  Location     Type
		None
 Auto vars:     Size  Location     Type
		None
 Return value:  Size  Location     Type
		None               void
 Registers used:
		wreg, status,2
 Tracked objects:
		On entry : 
		On exit  : 
		Unchanged: 
 Data sizes:     COMRAM   BANK0   BANK1   BANK2   BANK3   BANK4   BANK5   BANK6   BANK7   BANK8   BANK9  BANK10  BANK11  BANK12  BANK13  BANK14  BANK15
      Params:         0       0       0       0       0       0       0       0       0       0       0       0       0       0       0       0       0
      Locals:         0       0       0       0       0       0       0       0       0       0       0       0       0       0       0       0       0
      Temps:          0       0       0       0       0       0       0       0       0       0       0       0       0       0       0       0       0
      Totals:         0       0       0       0       0       0       0       0       0       0       0       0       0       0       0       0       0
Total ram usage:        0 bytes
 Hardware stack levels used:    1
 This function calls:
		Nothing
 This function is called by:
		_chkisr
 This function uses a non-reentrant model


 *************** function _INT0_isr *****************
 Defined at:
		line 49 in file "Interrupt.c"
 Parameters:    Size  Location     Type
		None
 Auto vars:     Size  Location     Type
		None
 Return value:  Size  Location     Type
		None               void
 Registers used:
		wreg, status,2, status,0, cstack
 Tracked objects:
		On entry : 
		On exit  : 
		Unchanged: 
 Data sizes:     COMRAM   BANK0   BANK1   BANK2   BANK3   BANK4   BANK5   BANK6   BANK7   BANK8   BANK9  BANK10  BANK11  BANK12  BANK13  BANK14  BANK15
      Params:         0       0       0       0       0       0       0       0       0       0       0       0       0       0       0       0       0
      Locals:         0       0       0       0       0       0       0       0       0       0       0       0       0       0       0       0       0
      Temps:          2       0       0       0       0       0       0       0       0       0       0       0       0       0       0       0       0
      Totals:         2       0       0       0       0       0       0       0       0       0       0       0       0       0       0       0       0
Total ram usage:        2 bytes
 Hardware stack levels used:    1
 Hardware stack levels required when called:    1
 This function calls:
		_force_nec_state0
 This function is called by:
		_chkisr
 This function uses a non-reentrant model


 *************** function _force_nec_state0 *****************
 Defined at:
		line 43 in file "Interrupt.c"
 Parameters:    Size  Location     Type
		None
 Auto vars:     Size  Location     Type
		None
 Return value:  Size  Location     Type
		None               void
 Registers used:
		wreg, status,2
 Tracked objects:
		On entry : 
		On exit  : 
		Unchanged: 
 Data sizes:     COMRAM   BANK0   BANK1   BANK2   BANK3   BANK4   BANK5   BANK6   BANK7   BANK8   BANK9  BANK10  BANK11  BANK12  BANK13  BANK14  BANK15
      Params:         0       0       0       0       0       0       0       0       0       0       0       0       0       0       0       0       0
      Locals:         0       0       0       0       0       0       0       0       0       0       0       0       0       0       0       0       0
      Temps:          0       0       0       0       0       0       0       0       0       0       0       0       0       0       0       0       0
      Totals:         0       0       0       0       0       0       0       0       0       0       0       0       0       0       0       0       0
Total ram usage:        0 bytes
 Hardware stack levels used:    1
 This function calls:
		Nothing
 This function is called by:
		_INT0_isr
 This function uses a non-reentrant model



MODULE INFORMATION

Module		Function		Class		Link	Load	Size
I2C_Soft.c
		_i2cLowSda     		CODE           	2A4C	0000	11
		_i2cLowScl     		CODE           	2A66	0000	9
		_I2C_Write_Cmd_		CODE           	28EE	0000	27
		_I2C_Write     		CODE           	26CA	0000	63
		_I2C_Write_Cmd_		CODE           	2894	0000	33
		_I2C_Stop      		CODE           	29AE	0000	19
		_I2C_Read      		CODE           	2500	0000	73
		_i2cNack       		CODE           	2A42	0000	11
		_I2C_Init      		CODE           	2A38	0000	11
		_i2cHighSda    		CODE           	2A6E	0000	9
		_i2cHighScl    		CODE           	2A20	0000	13
		_I2C_Start     		CODE           	29C0	0000	19
		_i2cAck        		CODE           	29D2	0000	19
		_I2C_ReStart   		CODE           	2938	0000	23

I2C_Soft.c estimated size: 340

lap12p1.c
		_putch         		CODE           	2A12	0000	15
		_main          		CODE           	0FB4	0000	525
		_init_UART     		CODE           	2976	0000	21
		_Do_Init       		CODE           	241E	0000	77

lap12p1.c estimated size: 638

C:\Program Files (x86)\Microchip\xc8\v1.34\sources\common\float.c
		___ftpack      		CODE           	1CE4	0000	199

C:\Program Files (x86)\Microchip\xc8\v1.34\sources\common\float.c estimated size: 199

C:\Program Files (x86)\Microchip\xc8\v1.34\sources\pic18\plib\USART\uopen.c
		_OpenUSART     		CODE           	217E	0000	113

C:\Program Files (x86)\Microchip\xc8\v1.34\sources\pic18\plib\USART\uopen.c estimated size: 113

C:\Program Files (x86)\Microchip\xc8\v1.34\sources\common\lwmod.c
		___lwmod       		CODE           	246A	0000	77

C:\Program Files (x86)\Microchip\xc8\v1.34\sources\common\lwmod.c estimated size: 77

C:\Program Files (x86)\Microchip\xc8\v1.34\sources\common\awmod.c
		___awmod       		CODE           	1F8A	0000	131

C:\Program Files (x86)\Microchip\xc8\v1.34\sources\common\awmod.c estimated size: 131

Fan_Support.c
		_Turn_On_Fan   		CODE           	2A04	0000	15
		_get_RPM       		CODE           	2610	0000	63
		_Decrease_Speed		CODE           	27CC	0000	47
		_do_update_pwm 		CODE           	1DAA	0000	195
		_Toggle_Fan    		CODE           	294E	0000	21
		_Set_DC_RGB    		CODE           	2548	0000	71
		_Increase_Speed		CODE           	279C	0000	49
		_Turn_Off_Fan  		CODE           	2A56	0000	9
		_Set_RPM_RGB   		CODE           	258E	0000	67

Fan_Support.c estimated size: 537

ST7735_TFT.c
		_drawChar      		CODE           	14DA	0000	343
		_drawCircle    		CODE           	11C0	0000	431
		_fillScreen    		CODE           	28D2	0000	29
		_Rcmd3         		CODE           	194E	0000	243
		_write_data    		CODE           	29E4	0000	17
		_setAddrWindow 		CODE           	23D0	0000	79
		_drawtext      		CODE           	1630	0000	279
		_fillRect      		CODE           	24B6	0000	75
		_LCD_Reset     		CODE           	298A	0000	19
		_drawPixel     		CODE           	276C	0000	49
		_fillRectangle 		CODE           	1C08	0000	221
		_write_command 		CODE           	29F4	0000	17
		_drawFastVLine 		CODE           	1F02	0000	137
		_Rcmd2red      		CODE           	268C	0000	63
		_TFT_GreenTab_I		CODE           	27FA	0000	43
		_delay_ms      		CODE           	237E	0000	83
		_Rcmd1         		CODE           	1746	0000	273
		_spiwrite      		CODE           	2962	0000	21

ST7735_TFT.c estimated size: 2422

I2C_Support.c
		_DS3231_Read_Ti		CODE           	22BE	0000	101
		_DS1621_Init   		CODE           	28B4	0000	31
		_DS3231_Setup_T		CODE           	2258	0000	103
		_DS1621_Read_Te		CODE           	25D0	0000	65

I2C_Support.c estimated size: 300

C:\Program Files (x86)\Microchip\xc8\v1.34\sources\common\lbtoft.c
		___lbtoft      		CODE           	284C	0000	39

C:\Program Files (x86)\Microchip\xc8\v1.34\sources\common\lbtoft.c estimated size: 39

Main_Screen.c
		_Update_Screen 		CODE           	0976	0000	981
		_Initialize_Scr		CODE           	0D4A	0000	619

Main_Screen.c estimated size: 1600

C:\Program Files (x86)\Microchip\xc8\v1.34\sources\common\ftmul.c
		___ftmul       		CODE           	1856	0000	249

C:\Program Files (x86)\Microchip\xc8\v1.34\sources\common\ftmul.c estimated size: 249

C:\Program Files (x86)\Microchip\xc8\v1.34\sources\common\isdigit.c
		_isdigit       		CODE           	2872	0000	35

C:\Program Files (x86)\Microchip\xc8\v1.34\sources\common\isdigit.c estimated size: 35

C:\Program Files (x86)\Microchip\xc8\v1.34\sources\common\strlen.c
		_strlen        		CODE           	264E	0000	63

C:\Program Files (x86)\Microchip\xc8\v1.34\sources\common\strlen.c estimated size: 63

C:\Program Files (x86)\Microchip\xc8\v1.34\sources\common\ftdiv.c
		___ftdiv       		CODE           	1B26	0000	227

C:\Program Files (x86)\Microchip\xc8\v1.34\sources\common\ftdiv.c estimated size: 227

shared
		_font          		MEDIUMCONST    	F9ED	0000	256
		_dpowers       		MEDIUMCONST    	FBD4	0000	11
		__initializatio		CODE           	200C	0000	119
		_octpowers     		MEDIUMCONST    	FBC8	0000	13
		_hexpowers     		MEDIUMCONST    	FBDE	0000	9
		_font2         		MEDIUMCONST    	FAEC	0000	221

shared estimated size: 629

Interrupt.c
		_TIMER1_isr    		CODE           	2A2C	0000	13
		_init_INTERRUPT		CODE           	273A	0000	51
		_force_nec_stat		CODE           	2A76	0000	9
		_INT0_isr      		CODE           	136E	0000	365
		_chkisr        		CODE           	0008	0000	141

Interrupt.c estimated size: 579

C:\Program Files (x86)\Microchip\xc8\v1.34\sources\common\strcpy.c
		_strcpy        		CODE           	2708	0000	51

C:\Program Files (x86)\Microchip\xc8\v1.34\sources\common\strcpy.c estimated size: 51

C:\Program Files (x86)\Microchip\xc8\v1.34\sources\common\lwdiv.c
		___lwdiv       		CODE           	2322	0000	93

C:\Program Files (x86)\Microchip\xc8\v1.34\sources\common\lwdiv.c estimated size: 93

C:\Program Files (x86)\Microchip\xc8\v1.34\sources\common\awdiv.c
		___awdiv       		CODE           	1E6C	0000	151

C:\Program Files (x86)\Microchip\xc8\v1.34\sources\common\awdiv.c estimated size: 151

Utils.c
		_Do_Beep       		CODE           	2922	0000	23
		_Deactivate_Buz		CODE           	2A5E	0000	9
		_Wait_Half_Seco		CODE           	2908	0000	27
		_Activate_Buzze		CODE           	299C	0000	19

Utils.c estimated size: 78

C:\Program Files (x86)\Microchip\xc8\v1.34\sources\common\doprnt.c
		_printf        		CODE           	001C	0000	2395

C:\Program Files (x86)\Microchip\xc8\v1.34\sources\common\doprnt.c estimated size: 2395

C:\Program Files (x86)\Microchip\xc8\v1.34\sources\common\fttol.c
		___fttol       		CODE           	1A40	0000	231

C:\Program Files (x86)\Microchip\xc8\v1.34\sources\common\fttol.c estimated size: 231

C:\Program Files (x86)\Microchip\xc8\v1.34\sources\common\Umul16.c
		___wmul        		CODE           	2824	0000	41

C:\Program Files (x86)\Microchip\xc8\v1.34\sources\common\Umul16.c estimated size: 41

