Microchip MPLAB XC8 Compiler V1.34 ()

Linker command line:

-W-3 --edf=C:\Program Files (x86)\Microchip\xc8\v1.34\dat\en_msgs.txt -cs \
  -h+dist/default/production\Lab7.X.production.sym \
  --cmf=dist/default/production\Lab7.X.production.cmf -z -Q18F4620 \
  -oC:\Users\Mhami\AppData\Local\Temp\s64k.6 \
  -Mdist/default/production/Lab7.X.production.map -E1 -ver=XC8 \
  -ASTACK=0D8h-0f7fh -pstack=STACK -ACODE=00h-0FFFFh -ACONST=00h-0FFFFh \
  -ASMALLCONST=01000h-010FFhx240 -AMEDIUMCONST=01000h-0FFFFh \
  -ACOMRAM=01h-07Fh -AABS1=00h-0F7Fh -ABIGRAM=01h-0F7Fh \
  -ARAM=080h-0FFh,0100h-01FFhx14,0F00h-0F7Fh -ABANK0=080h-0FFh \
  -ABANK1=0100h-01FFh -ABANK2=0200h-02FFh -ABANK3=0300h-03FFh \
  -ABANK4=0400h-04FFh -ABANK5=0500h-05FFh -ABANK6=0600h-06FFh \
  -ABANK7=0700h-07FFh -ABANK8=0800h-08FFh -ABANK9=0900h-09FFh \
  -ABANK10=0A00h-0AFFh -ABANK11=0B00h-0BFFh -ABANK12=0C00h-0CFFh \
  -ABANK13=0D00h-0DFFh -ABANK14=0E00h-0EFFh -ABANK15=0F00h-0F7Fh \
  -ASFR=0F80h-0FFFh -preset_vec=00h,intcode,intcodelo,powerup,init,end_init \
  -pramtop=01000h -psmallconst=SMALLCONST -pmediumconst=MEDIUMCONST \
  -pconst=CONST -AFARRAM=00h-00h -ACONFIG=0300000h-030000Dh -pconfig=CONFIG \
  -AIDLOC=0200000h-0200007h -pidloc=IDLOC -AEEDATA=0F00000h-0F003FFh \
  -peeprom_data=EEDATA \
  -prdata=COMRAM,nvrram=COMRAM,nvbit=COMRAM,rbss=COMRAM,rbit=COMRAM \
  -pfarbss=FARRAM,fardata=FARRAM,nvFARRAM=FARRAM \
  -pintsave_regs=BIGRAM,bigbss=BIGRAM,bigdata=BIGRAM -pbss=RAM \
  -pidata=CODE,irdata=CODE,ibigdata=CODE,ifardata=CODE -prparam=COMRAM \
  C:\Users\Mhami\AppData\Local\Temp\s64k.obj \
  dist/default/production\Lab7.X.production.obj 

Object code version is 3.11

Machine type is 18F4620

Call graph: (short form)




                Name                               Link     Load   Length Selector   Space Scale
C:\Users\Mhami\AppData\Local\Temp\s64k.obj
                end_init                              0        0        4        0       0
                idloc                            200000   200000        8   200000       0
                config                           300000   300000        E   300000       0
dist/default/production\Lab7.X.production.obj
                mediumconst                        FD34     FD34      2CC     7E9A       0
                text69                             C4F4     C4F4       12     627A       0
                text68                             C4A8     C4A8        8     6254       0
                text67                             C556     C556       1A     62AB       0
                text66                             C6B4     C6B4       32     635A       0
                text65                             D202     D202       C6     6901       0
                text64                             C6E6     C6E6       3C     6373       0
                text63                             D53E     D53E       E2     6A9F       0
                text62                             C5D6     C5D6       28     62EB       0
                text61                             C518     C518       14     628C       0
                text60                             C4D4     C4D4       10     626A       0
                text59                             C4E4     C4E4       10     6272       0
                text58                             C9BA     C9BA       4E     64DD       0
                text57                             C684     C684       30     6342       0
                text56                             CD56     CD56       88     66AB       0
                text55                             C970     C970       4A     64B8       0
                text54                             DE34     DE34      156     6F1A       0
                text53                             C75E     C75E       3E     63AF       0
                text52                             D620     D620       E2     6B10       0
                text51                             C5B0     C5B0       26     62D8       0
                text50                             CF7C     CF7C       96     67BE       0
                text49                             C58C     C58C       24     62C6       0
                text48                             E2C6     E2C6      1C4     7163       0
                text47                             C81C     C81C       44     640E       0
                text46                             D702     D702       E6     6B81       0
                text45                             CEF0     CEF0       8C     6778       0
                text44                             CB72     CB72       70     65B9       0
                text43                             CAAC     CAAC       60     6556       0
                text42                             D9D2     D9D2      10A     6CE9       0
                text41                             DADC     DADC      110     6D6E       0
                text40                             D012     D012       96     6809       0
                text39                             CC52     CC52       82     6629       0
                text38                             D8DA     D8DA       F8     6C6D       0
                text37                             E66A     E66A      244     7335       0
                text36                             C4C6     C4C6        E     6263       0
                text35                             EC10     EC10      3E0     7608       0
                text34                             EFF0     EFF0      626     77F8       0
                text33                             E48A     E48A      1E0     7245       0
                text32                             CE66     CE66       8A     6733       0
                text31                             D2C8     D2C8       CC     6964       0
                text30                             C722     C722       3C     6391       0
                text29                             E118     E118      1AE     708C       0
                text28                             DCFC     DCFC      138     6E7E       0
                text27                             CA08     CA08       52     6504       0
                text26                             E8AE     E8AE      362     7457       0
                text25                             C860     C860       44     6430       0
                text24                             C8A4     C8A4       44     6452       0
                text23                             C8E8     C8E8       44     6474       0
                text22                             C92C     C92C       44     6496       0
                text21                             CCD4     CCD4       82     666A       0
                text20                             DF8A     DF8A      18E     6FC5       0
                text19                             C656     C656       2E     632B       0
                text18                             D394     D394       CE     69CA       0
                text17                             C4B0     C4B0        A     6258       0
                text16                             C540     C540       16     62A0       0
                text15                             CA5A     CA5A       52     652D       0
                text14                             C506     C506       12     6283       0
                text13                             DBEC     DBEC      110     6DF6       0
                text12                             C79C     C79C       3E     63CE       0
                text11                             D7E8     D7E8       F2     6BF4       0
                text10                             C5FE     C5FE       2A     62FF       0
                text9                              CDDE     CDDE       88     66EF       0
                text8                              CB0C     CB0C       66     6586       0
                text7                              D462     D462       DC     6A31       0
                text6                              C570     C570       1C     62B8       0
                text5                              F616     F616      71E     7B0B       0
                text4                              D14E     D14E       B4     68A7       0
                text3                              C4BA     C4BA        C     625D       0
                text2                              CBE2     CBE2       70     65F1       0
                text1                              C52C     C52C       14     6296       0
                text0                              D0A8     D0A8       A6     6854       0
                cstackCOMRAM                          1        1       74        1       1
                dataBANK0                            80       80       2D       80       1
                bssBANK0                             AD       AD       2B       80       1
                bssCOMRAM                            75       75        B        1       1
                cinit                              C7DA     C7DA       42     63ED       0
                idataBANK0                         C629     C629       2D     C629       0

TOTAL           Name                               Link     Load   Length     Space
        CLASS   STACK          

        CLASS   CODE           
                end_init                              0        0        4         0
                text69                             C4F4     C4F4       12         0
                text68                             C4A8     C4A8        8         0
                text67                             C556     C556       1A         0
                text66                             C6B4     C6B4       32         0
                text65                             D202     D202       C6         0
                text64                             C6E6     C6E6       3C         0
                text63                             D53E     D53E       E2         0
                text62                             C5D6     C5D6       28         0
                text61                             C518     C518       14         0
                text60                             C4D4     C4D4       10         0
                text59                             C4E4     C4E4       10         0
                text58                             C9BA     C9BA       4E         0
                text57                             C684     C684       30         0
                text56                             CD56     CD56       88         0
                text55                             C970     C970       4A         0
                text54                             DE34     DE34      156         0
                text53                             C75E     C75E       3E         0
                text52                             D620     D620       E2         0
                text51                             C5B0     C5B0       26         0
                text50                             CF7C     CF7C       96         0
                text49                             C58C     C58C       24         0
                text48                             E2C6     E2C6      1C4         0
                text47                             C81C     C81C       44         0
                text46                             D702     D702       E6         0
                text45                             CEF0     CEF0       8C         0
                text44                             CB72     CB72       70         0
                text43                             CAAC     CAAC       60         0
                text42                             D9D2     D9D2      10A         0
                text41                             DADC     DADC      110         0
                text40                             D012     D012       96         0
                text39                             CC52     CC52       82         0
                text38                             D8DA     D8DA       F8         0
                text37                             E66A     E66A      244         0
                text36                             C4C6     C4C6        E         0
                text35                             EC10     EC10      3E0         0
                text34                             EFF0     EFF0      626         0
                text33                             E48A     E48A      1E0         0
                text32                             CE66     CE66       8A         0
                text31                             D2C8     D2C8       CC         0
                text30                             C722     C722       3C         0
                text29                             E118     E118      1AE         0
                text28                             DCFC     DCFC      138         0
                text27                             CA08     CA08       52         0
                text26                             E8AE     E8AE      362         0
                text25                             C860     C860       44         0
                text24                             C8A4     C8A4       44         0
                text23                             C8E8     C8E8       44         0
                text22                             C92C     C92C       44         0
                text21                             CCD4     CCD4       82         0
                text20                             DF8A     DF8A      18E         0
                text19                             C656     C656       2E         0
                text18                             D394     D394       CE         0
                text17                             C4B0     C4B0        A         0
                text16                             C540     C540       16         0
                text15                             CA5A     CA5A       52         0
                text14                             C506     C506       12         0
                text13                             DBEC     DBEC      110         0
                text12                             C79C     C79C       3E         0
                text11                             D7E8     D7E8       F2         0
                text10                             C5FE     C5FE       2A         0
                text9                              CDDE     CDDE       88         0
                text8                              CB0C     CB0C       66         0
                text7                              D462     D462       DC         0
                text6                              C570     C570       1C         0
                text5                              F616     F616      71E         0
                text4                              D14E     D14E       B4         0
                text3                              C4BA     C4BA        C         0
                text2                              CBE2     CBE2       70         0
                text1                              C52C     C52C       14         0
                text0                              D0A8     D0A8       A6         0
                cinit                              C7DA     C7DA       42         0
                idataBANK0                         C629     C629       2D         0

        CLASS   CONST          

        CLASS   SMALLCONST     

        CLASS   MEDIUMCONST    
                mediumconst                        FD34     FD34      2CC         0

        CLASS   COMRAM         
                cstackCOMRAM                          1        1       74         1
                bssCOMRAM                            75       75        B         1

        CLASS   ABS1           

        CLASS   BIGRAM         

        CLASS   RAM            

        CLASS   BANK0          
                dataBANK0                            80       80       2D         1
                bssBANK0                             AD       AD       2B         1

        CLASS   BANK1          

        CLASS   BANK2          

        CLASS   BANK3          

        CLASS   BANK4          

        CLASS   BANK5          

        CLASS   BANK6          

        CLASS   BANK7          

        CLASS   BANK8          

        CLASS   BANK9          

        CLASS   BANK10         

        CLASS   BANK11         

        CLASS   BANK12         

        CLASS   BANK13         

        CLASS   BANK14         

        CLASS   BANK15         

        CLASS   SFR            

        CLASS   FARRAM         

        CLASS   CONFIG         
                config                           300000   300000        E         0

        CLASS   IDLOC          
                idloc                            200000   200000        8         0

        CLASS   EEDATA         



SEGMENTS        Name                           Load    Length   Top    Selector   Space  Class

                reset_vec                      000000  000004  000004         0       0  CODE    
                cstackCOMRAM                   000001  00007F  000080         1       1  COMRAM  
                dataBANK0                      000080  000058  0000D8        80       1  BANK0   
                text68                         00C4A8  000008  00C4B0      6254       0  CODE    
                text17                         00C4B0  00000A  00C4BA      6258       0  CODE    
                text3                          00C4BA  00000C  00C4C6      625D       0  CODE    
                text36                         00C4C6  00000E  00C4D4      6263       0  CODE    
                text60                         00C4D4  000010  00C4E4      626A       0  CODE    
                text59                         00C4E4  000010  00C4F4      6272       0  CODE    
                text69                         00C4F4  000012  00C506      627A       0  CODE    
                text14                         00C506  000012  00C518      6283       0  CODE    
                text61                         00C518  000014  00C52C      628C       0  CODE    
                text1                          00C52C  000014  00C540      6296       0  CODE    
                text16                         00C540  000016  00C556      62A0       0  CODE    
                text67                         00C556  00001A  00C570      62AB       0  CODE    
                text6                          00C570  00001C  00C58C      62B8       0  CODE    
                text49                         00C58C  000024  00C5B0      62C6       0  CODE    
                text51                         00C5B0  000026  00C5D6      62D8       0  CODE    
                text62                         00C5D6  000028  00C5FE      62EB       0  CODE    
                text10                         00C5FE  00002A  00C628      62FF       0  CODE    
                idataBANK0                     00C629  00002D  00C656      C629       0  CODE    
                text19                         00C656  00002E  00C684      632B       0  CODE    
                text57                         00C684  000030  00C6B4      6342       0  CODE    
                text66                         00C6B4  000032  00C6E6      635A       0  CODE    
                text64                         00C6E6  00003C  00C722      6373       0  CODE    
                text30                         00C722  00003C  00C75E      6391       0  CODE    
                text53                         00C75E  00003E  00C79C      63AF       0  CODE    
                text12                         00C79C  00003E  00C7DA      63CE       0  CODE    
                cinit                          00C7DA  000042  00C81C      63ED       0  CODE    
                text47                         00C81C  000044  00C860      640E       0  CODE    
                text25                         00C860  000044  00C8A4      6430       0  CODE    
                text24                         00C8A4  000044  00C8E8      6452       0  CODE    
                text23                         00C8E8  000044  00C92C      6474       0  CODE    
                text22                         00C92C  000044  00C970      6496       0  CODE    
                text55                         00C970  00004A  00C9BA      64B8       0  CODE    
                text58                         00C9BA  00004E  00CA08      64DD       0  CODE    
                text27                         00CA08  000052  00CA5A      6504       0  CODE    
                text15                         00CA5A  000052  00CAAC      652D       0  CODE    
                text43                         00CAAC  000060  00CB0C      6556       0  CODE    
                text8                          00CB0C  000066  00CB72      6586       0  CODE    
                text44                         00CB72  000070  00CBE2      65B9       0  CODE    
                text2                          00CBE2  000070  00CC52      65F1       0  CODE    
                text39                         00CC52  000082  00CCD4      6629       0  CODE    
                text21                         00CCD4  000082  00CD56      666A       0  CODE    
                text56                         00CD56  000088  00CDDE      66AB       0  CODE    
                text9                          00CDDE  000088  00CE66      66EF       0  CODE    
                text32                         00CE66  00008A  00CEF0      6733       0  CODE    
                text45                         00CEF0  00008C  00CF7C      6778       0  CODE    
                text50                         00CF7C  000096  00D012      67BE       0  CODE    
                text40                         00D012  000096  00D0A8      6809       0  CODE    
                text0                          00D0A8  0000A6  00D14E      6854       0  CODE    
                text4                          00D14E  0000B4  00D202      68A7       0  CODE    
                text65                         00D202  0000C6  00D2C8      6901       0  CODE    
                text31                         00D2C8  0000CC  00D394      6964       0  CODE    
                text18                         00D394  0000CE  00D462      69CA       0  CODE    
                text7                          00D462  0000DC  00D53E      6A31       0  CODE    
                text63                         00D53E  0000E2  00D620      6A9F       0  CODE    
                text52                         00D620  0000E2  00D702      6B10       0  CODE    
                text46                         00D702  0000E6  00D7E8      6B81       0  CODE    
                text11                         00D7E8  0000F2  00D8DA      6BF4       0  CODE    
                text38                         00D8DA  0000F8  00D9D2      6C6D       0  CODE    
                text42                         00D9D2  00010A  00DADC      6CE9       0  CODE    
                text41                         00DADC  000110  00DBEC      6D6E       0  CODE    
                text13                         00DBEC  000110  00DCFC      6DF6       0  CODE    
                text28                         00DCFC  000138  00DE34      6E7E       0  CODE    
                text54                         00DE34  000156  00DF8A      6F1A       0  CODE    
                text20                         00DF8A  00018E  00E118      6FC5       0  CODE    
                text29                         00E118  0001AE  00E2C6      708C       0  CODE    
                text48                         00E2C6  0001C4  00E48A      7163       0  CODE    
                text33                         00E48A  0001E0  00E66A      7245       0  CODE    
                text37                         00E66A  000244  00E8AE      7335       0  CODE    
                text26                         00E8AE  000362  00EC10      7457       0  CODE    
                text35                         00EC10  0003E0  00EFF0      7608       0  CODE    
                text34                         00EFF0  000626  00F616      77F8       0  CODE    
                text5                          00F616  00071E  00FD34      7B0B       0  CODE    
                mediumconst                    00FD34  0002CC  010000      7E9A       0  MEDIUMCO
                idloc                          200000  000008  200008    200000       0  IDLOC   
                config                         300000  00000E  30000E    300000       0  CONFIG  


UNUSED ADDRESS RANGES

        Name                Unused          Largest block    Delta
        BANK0            0000D8-0000FF               28
        BANK1            000100-0001FF              100
        BANK10           000A00-000AFF              100
        BANK11           000B00-000BFF              100
        BANK12           000C00-000CFF              100
        BANK13           000D00-000DFF              100
        BANK14           000E00-000EFF              100
        BANK15           000F00-000F7F               80
        BANK2            000200-0002FF              100
        BANK3            000300-0003FF              100
        BANK4            000400-0004FF              100
        BANK5            000500-0005FF              100
        BANK6            000600-0006FF              100
        BANK7            000700-0007FF              100
        BANK8            000800-0008FF              100
        BANK9            000900-0009FF              100
        BIGRAM           0000D8-000F7F              EA8
        CODE             000004-00C4A7             C4A4
                         00C628-00C628                1
        CONST            000004-00C4A7             C4A4
                         00C628-00C628                1
        EEDATA           F00000-F003FF              400
        MEDIUMCONST      001000-00C4A7             B4A8
                         00C628-00C628                1
        RAM              0000D8-000F7F              100
        SFR              000F80-000FFF               80
        SMALLCONST       001000-00C4A7              100
                         00C628-00C628                1
        STACK            0000D8-000F7F              EA8

                                  Symbol Table

?___awdiv                           cstackCOMRAM 000007
?___awmod                           cstackCOMRAM 000001
?___awtoft                          cstackCOMRAM 000015
?___ftadd                           cstackCOMRAM 000032
?___ftdiv                           cstackCOMRAM 000019
?___ftmul                           cstackCOMRAM 000019
?___ftneg                           cstackCOMRAM 000001
?___ftpack                          cstackCOMRAM 000001
?___ftsub                           cstackCOMRAM 00003E
?___fttol                           cstackCOMRAM 00002F
?___lldiv                           cstackCOMRAM 000001
?___llmod                           cstackCOMRAM 000001
?___lltoft                          cstackCOMRAM 000009
?___wmul                            cstackCOMRAM 00000F
?__div_to_l_                        cstackCOMRAM 000001
?__tdiv_to_l_                       cstackCOMRAM 000001
?_fround                            cstackCOMRAM 000028
?_get_full_ADC                      cstackCOMRAM 000001
?_printf                            cstackCOMRAM 000044
?_scale                             cstackCOMRAM 000028
?_strlen                            cstackCOMRAM 000001
OpenUSART@config                    cstackCOMRAM 000003
OpenUSART@spbrg                     cstackCOMRAM 000001
PED_Control@Direction               cstackCOMRAM 000069
PED_Control@Num_Sec                 cstackCOMRAM 000068
PED_Control@i                       cstackCOMRAM 00006A
Select_ADC_Channel@channel          cstackCOMRAM 000001
Set_EW@color                        cstackCOMRAM 000036
Set_EWLT@color                      cstackCOMRAM 000036
Set_NS@color                        cstackCOMRAM 000036
Set_NSLT@color                      cstackCOMRAM 000036
Wait_N_Seconds@I                    cstackCOMRAM 000069
Wait_N_Seconds@seconds              cstackCOMRAM 000068
_ADCON0                             (abs)        000FC2
_ADCON0bits                         (abs)        000FC2
_ADCON1                             (abs)        000FC1
_ADCON2                             (abs)        000FC0
_ADRESH                             (abs)        000FC4
_ADRESL                             (abs)        000FC3
_Act_Mode_Txt                       dataBANK0    00009F
_Activate_Buzzer                    text69       00C4F4
_CCP2CON                            (abs)        000FBA
_CCPR2L                             (abs)        000FBB
_Count                              bssBANK0     0000B4
_Day_Mode                           text18       00D394
_Deactivate_Buzzer                  text68       00C4A8
_EWLT_Count                         dataBANK0    00008D
_EW_Count                           dataBANK0    000090
_FLASHING                           bssBANK0     0000B5
_FLASHING_REQUEST                   bssBANK0     0000B6
_FlashingR_Txt                      dataBANK0    0000A1
_FlashingS_Txt                      dataBANK0    00008A
_INTCONbits                         (abs)        000FF2
_Init_ADC                           text17       00C4B0
_Init_Tris                          text16       00C540
_Initialize_Screen                  text5        00F616
_LCD_Reset                          text14       00C506
_MODE                               bssBANK0     0000B0
_NSLT_Count                         dataBANK0    000093
_NS_Count                           dataBANK0    000096
_Night_Mode                         text4        00D14E
_OSCCON                             (abs)        000FD3
_OpenUSART                          text2        00CBE2
_PED_Control                        text30       00C722
_PED_Count                          bssBANK0     0000B7
_PED_EW_Count                       dataBANK0    000099
_PED_NS_Count                       dataBANK0    00009C
_PIE1bits                           (abs)        000F9D
_PIR1bits                           (abs)        000F9E
_PIR2bits                           (abs)        000FA1
_PORTAbits                          (abs)        000F80
_PORTBbits                          (abs)        000F81
_PORTC                              (abs)        000F82
_PORTCbits                          (abs)        000F82
_PORTD                              (abs)        000F83
_PORTDbits                          (abs)        000F83
_PORTEbits                          (abs)        000F84
_PR2                                (abs)        000FCB
_RBPU                               (abs)        007F8F
_RCSTA                              (abs)        000FAB
_RCSTAbits                          (abs)        000FAB
_Rcmd1                              text13       00DBEC
_Rcmd2red                           text12       00C79C
_Rcmd3                              text11       00D7E8
_SPBRG                              (abs)        000FAF
_SPBRGH                             (abs)        000FB0
_SSPBUF                             (abs)        000FC9
_SSPCON1                            (abs)        000FC6
_SSPSTAT                            (abs)        000FC7
_SSPSTATbits                        (abs)        000FC7
_SW_EWLT                            bssCOMRAM    000077
_SW_EWLT_Txt                        dataBANK0    0000A3
_SW_EWPED                           bssCOMRAM    000078
_SW_EWPED_Txt                       dataBANK0    0000A5
_SW_MODE                            bssCOMRAM    000079
_SW_MODE_Txt                        dataBANK0    0000A7
_SW_NSLT                            bssCOMRAM    00007A
_SW_NSLT_Txt                        dataBANK0    0000A9
_SW_NSPED                           bssCOMRAM    00007B
_SW_NSPED_Txt                       dataBANK0    0000AB
_Select_ADC_Channel                 text3        00C4BA
_Set_EW                             text25       00C860
_Set_EWLT                           text24       00C8A4
_Set_NS                             text23       00C8E8
_Set_NSLT                           text22       00C92C
_T0CON                              (abs)        000FD5
_T0CONbits                          (abs)        000FD5
_T2CON                              (abs)        000FCA
_T3CON                              (abs)        000FB1
_T3CONbits                          (abs)        000FB1
_TFT_GreenTab_Initialize            text10       00C5FE
_TMR0H                              (abs)        000FD7
_TMR0L                              (abs)        000FD6
_TRISA                              (abs)        000F92
_TRISB                              (abs)        000F93
_TRISC                              (abs)        000F94
_TRISCbits                          (abs)        000F94
_TRISD                              (abs)        000F95
_TRISE                              (abs)        000F96
_TRMT                               (abs)        007D61
_TXREG                              (abs)        000FAD
_TXSTA                              (abs)        000FAC
_TXSTAbits                          (abs)        000FAC
_Wait_Half_Second                   text67       00C556
_Wait_N_Seconds                     text19       00C656
_Wait_One_Second                    text21       00CCD4
_Wait_One_Second_With_Beep          text32       00CE66
__CFG_BOREN$OFF                     (abs)        000000
__CFG_CCP2MX$PORTBE                 (abs)        000000
__CFG_LVP$OFF                       (abs)        000000
__CFG_OSC$INTIO67                   (abs)        000000
__CFG_WDT$OFF                       (abs)        000000
__HRAM                              (abs)        000000
__Habs1                             abs1         000000
__Hbank0                            bank0        000000
__Hbank1                            bank1        000000
__Hbank10                           bank10       000000
__Hbank11                           bank11       000000
__Hbank12                           bank12       000000
__Hbank13                           bank13       000000
__Hbank14                           bank14       000000
__Hbank15                           bank15       000000
__Hbank2                            bank2        000000
__Hbank3                            bank3        000000
__Hbank4                            bank4        000000
__Hbank5                            bank5        000000
__Hbank6                            bank6        000000
__Hbank7                            bank7        000000
__Hbank8                            bank8        000000
__Hbank9                            bank9        000000
__Hbigbss                           bigbss       000000
__Hbigdata                          bigdata      000000
__Hbigram                           bigram       000000
__Hbss                              bss          000000
__HbssBANK0                         bssBANK0     000000
__HbssCOMRAM                        bssCOMRAM    000000
__Hcinit                            cinit        000000
__Hclrtext                          clrtext      000000
__Hcomram                           comram       000000
__Hconfig                           config       30000E
__Hconst                            const        000000
__HcstackCOMRAM                     cstackCOMRAM 000000
__Hdata                             data         000000
__HdataBANK0                        dataBANK0    000000
__Heeprom_data                      eeprom_data  000000
__Hend_init                         end_init     000004
__Hfarbss                           farbss       000000
__Hfardata                          fardata      000000
__Hibigdata                         ibigdata     000000
__Hidata                            idata        000000
__HidataBANK0                       idataBANK0   000000
__Hidloc                            idloc        200008
__Hifardata                         ifardata     000000
__Hinit                             init         000000
__Hintcode                          intcode      000000
__Hintcode_body                     intcode_body 000000
__Hintcodelo                        intcodelo    000000
__Hintentry                         intentry     000000
__Hintret                           intret       000000
__Hintsave_regs                     intsave_regs 000000
__Hirdata                           irdata       000000
__Hmediumconst                      mediumconst  010000
__HnvFARRAM                         nvFARRAM     000000
__Hnvbit                            nvbit        000000
__Hnvrram                           nvrram       000000
__Hparam                            rparam       000000
__Hpowerup                          powerup      000000
__Hram                              ram          000000
__Hramtop                           ramtop       001000
__Hrbit                             rbit         000000
__Hrbss                             rbss         000000
__Hrdata                            rdata        000000
__Hreset_vec                        reset_vec    000000
__Hrparam                           rparam       000000
__Hsfr                              sfr          000000
__Hsmallconst                       smallconst   000000
__Hspace_0                          (abs)        30000E
__Hspace_1                          (abs)        0000D8
__Hspace_2                          (abs)        000000
__Hstack                            stack        000000
__Hstruct                           struct       000000
__Htemp                             temp         000000
__Htext                             text         000000
__Htext0                            text0        000000
__Htext1                            text1        000000
__Htext10                           text10       000000
__Htext11                           text11       000000
__Htext12                           text12       000000
__Htext13                           text13       000000
__Htext14                           text14       000000
__Htext15                           text15       000000
__Htext16                           text16       000000
__Htext17                           text17       000000
__Htext18                           text18       000000
__Htext19                           text19       000000
__Htext2                            text2        000000
__Htext20                           text20       000000
__Htext21                           text21       000000
__Htext22                           text22       000000
__Htext23                           text23       000000
__Htext24                           text24       000000
__Htext25                           text25       000000
__Htext26                           text26       000000
__Htext27                           text27       000000
__Htext28                           text28       000000
__Htext29                           text29       000000
__Htext3                            text3        000000
__Htext30                           text30       000000
__Htext31                           text31       000000
__Htext32                           text32       000000
__Htext33                           text33       000000
__Htext34                           text34       000000
__Htext35                           text35       000000
__Htext36                           text36       000000
__Htext37                           text37       000000
__Htext38                           text38       000000
__Htext39                           text39       000000
__Htext4                            text4        000000
__Htext40                           text40       000000
__Htext41                           text41       000000
__Htext42                           text42       000000
__Htext43                           text43       000000
__Htext44                           text44       000000
__Htext45                           text45       000000
__Htext46                           text46       000000
__Htext47                           text47       000000
__Htext48                           text48       000000
__Htext49                           text49       000000
__Htext5                            text5        000000
__Htext50                           text50       000000
__Htext51                           text51       000000
__Htext52                           text52       000000
__Htext53                           text53       000000
__Htext54                           text54       000000
__Htext55                           text55       000000
__Htext56                           text56       000000
__Htext57                           text57       000000
__Htext58                           text58       000000
__Htext59                           text59       000000
__Htext6                            text6        000000
__Htext60                           text60       000000
__Htext61                           text61       000000
__Htext62                           text62       000000
__Htext63                           text63       000000
__Htext64                           text64       000000
__Htext65                           text65       000000
__Htext66                           text66       000000
__Htext67                           text67       000000
__Htext68                           text68       000000
__Htext69                           text69       000000
__Htext7                            text7        000000
__Htext8                            text8        000000
__Htext9                            text9        000000
__LRAM                              (abs)        000001
__Labs1                             abs1         000000
__Lbank0                            bank0        000000
__Lbank1                            bank1        000000
__Lbank10                           bank10       000000
__Lbank11                           bank11       000000
__Lbank12                           bank12       000000
__Lbank13                           bank13       000000
__Lbank14                           bank14       000000
__Lbank15                           bank15       000000
__Lbank2                            bank2        000000
__Lbank3                            bank3        000000
__Lbank4                            bank4        000000
__Lbank5                            bank5        000000
__Lbank6                            bank6        000000
__Lbank7                            bank7        000000
__Lbank8                            bank8        000000
__Lbank9                            bank9        000000
__Lbigbss                           bigbss       000000
__Lbigdata                          bigdata      000000
__Lbigram                           bigram       000000
__Lbss                              bss          000000
__LbssBANK0                         bssBANK0     000000
__LbssCOMRAM                        bssCOMRAM    000000
__Lcinit                            cinit        000000
__Lclrtext                          clrtext      000000
__Lcomram                           comram       000000
__Lconfig                           config       300000
__Lconst                            const        000000
__LcstackCOMRAM                     cstackCOMRAM 000000
__Ldata                             data         000000
__LdataBANK0                        dataBANK0    000000
__Leeprom_data                      eeprom_data  000000
__Lend_init                         end_init     000000
__Lfarbss                           farbss       000000
__Lfardata                          fardata      000000
__Libigdata                         ibigdata     000000
__Lidata                            idata        000000
__LidataBANK0                       idataBANK0   000000
__Lidloc                            idloc        200000
__Lifardata                         ifardata     000000
__Linit                             init         000000
__Lintcode                          intcode      000000
__Lintcode_body                     intcode_body 000000
__Lintcodelo                        intcodelo    000000
__Lintentry                         intentry     000000
__Lintret                           intret       000000
__Lintsave_regs                     intsave_regs 000000
__Lirdata                           irdata       000000
__Lmediumconst                      mediumconst  00FD34
__LnvFARRAM                         nvFARRAM     000000
__Lnvbit                            nvbit        000000
__Lnvrram                           nvrram       000000
__Lparam                            rparam       000000
__Lpowerup                          powerup      000000
__Lram                              ram          000000
__Lramtop                           ramtop       001000
__Lrbit                             rbit         000000
__Lrbss                             rbss         000000
__Lrdata                            rdata        000000
__Lreset_vec                        reset_vec    000000
__Lrparam                           rparam       000000
__Lsfr                              sfr          000000
__Lsmallconst                       smallconst   000000
__Lspace_0                          (abs)        000000
__Lspace_1                          (abs)        000000
__Lspace_2                          (abs)        000000
__Lstack                            stack        000000
__Lstruct                           struct       000000
__Ltemp                             temp         000000
__Ltext                             text         000000
__Ltext0                            text0        000000
__Ltext1                            text1        000000
__Ltext10                           text10       000000
__Ltext11                           text11       000000
__Ltext12                           text12       000000
__Ltext13                           text13       000000
__Ltext14                           text14       000000
__Ltext15                           text15       000000
__Ltext16                           text16       000000
__Ltext17                           text17       000000
__Ltext18                           text18       000000
__Ltext19                           text19       000000
__Ltext2                            text2        000000
__Ltext20                           text20       000000
__Ltext21                           text21       000000
__Ltext22                           text22       000000
__Ltext23                           text23       000000
__Ltext24                           text24       000000
__Ltext25                           text25       000000
__Ltext26                           text26       000000
__Ltext27                           text27       000000
__Ltext28                           text28       000000
__Ltext29                           text29       000000
__Ltext3                            text3        000000
__Ltext30                           text30       000000
__Ltext31                           text31       000000
__Ltext32                           text32       000000
__Ltext33                           text33       000000
__Ltext34                           text34       000000
__Ltext35                           text35       000000
__Ltext36                           text36       000000
__Ltext37                           text37       000000
__Ltext38                           text38       000000
__Ltext39                           text39       000000
__Ltext4                            text4        000000
__Ltext40                           text40       000000
__Ltext41                           text41       000000
__Ltext42                           text42       000000
__Ltext43                           text43       000000
__Ltext44                           text44       000000
__Ltext45                           text45       000000
__Ltext46                           text46       000000
__Ltext47                           text47       000000
__Ltext48                           text48       000000
__Ltext49                           text49       000000
__Ltext5                            text5        000000
__Ltext50                           text50       000000
__Ltext51                           text51       000000
__Ltext52                           text52       000000
__Ltext53                           text53       000000
__Ltext54                           text54       000000
__Ltext55                           text55       000000
__Ltext56                           text56       000000
__Ltext57                           text57       000000
__Ltext58                           text58       000000
__Ltext59                           text59       000000
__Ltext6                            text6        000000
__Ltext60                           text60       000000
__Ltext61                           text61       000000
__Ltext62                           text62       000000
__Ltext63                           text63       000000
__Ltext64                           text64       000000
__Ltext65                           text65       000000
__Ltext66                           text66       000000
__Ltext67                           text67       000000
__Ltext68                           text68       000000
__Ltext69                           text69       000000
__Ltext7                            text7        000000
__Ltext8                            text8        000000
__Ltext9                            text9        000000
__S0                                (abs)        30000E
__S1                                (abs)        0000D8
__S2                                (abs)        000000
___awdiv                            text40       00D012
___awdiv@counter                    cstackCOMRAM 00000B
___awdiv@dividend                   cstackCOMRAM 000007
___awdiv@divisor                    cstackCOMRAM 000009
___awdiv@quotient                   cstackCOMRAM 00000D
___awdiv@sign                       cstackCOMRAM 00000C
___awmod                            text39       00CC52
___awmod@counter                    cstackCOMRAM 000005
___awmod@dividend                   cstackCOMRAM 000001
___awmod@divisor                    cstackCOMRAM 000003
___awmod@sign                       cstackCOMRAM 000006
___awtoft                           text64       00C6E6
___awtoft@c                         cstackCOMRAM 000015
___awtoft@sign                      cstackCOMRAM 000018
___ftadd                            text48       00E2C6
___ftadd@exp1                       cstackCOMRAM 00003D
___ftadd@exp2                       cstackCOMRAM 00003C
___ftadd@f1                         cstackCOMRAM 000032
___ftadd@f2                         cstackCOMRAM 000035
___ftadd@sign                       cstackCOMRAM 00003B
___ftdiv                            text63       00D53E
___ftdiv@cntr                       cstackCOMRAM 000022
___ftdiv@exp                        cstackCOMRAM 000026
___ftdiv@f1                         cstackCOMRAM 000019
___ftdiv@f2                         cstackCOMRAM 00001C
___ftdiv@f3                         cstackCOMRAM 000023
___ftdiv@sign                       cstackCOMRAM 000027
___ftge                             text50       00CF7C
___ftge@ff1                         cstackCOMRAM 000001
___ftge@ff2                         cstackCOMRAM 000004
___ftmul                            text38       00D8DA
___ftmul@cntr                       cstackCOMRAM 000026
___ftmul@exp                        cstackCOMRAM 000022
___ftmul@f1                         cstackCOMRAM 000019
___ftmul@f2                         cstackCOMRAM 00001C
___ftmul@f3_as_product              cstackCOMRAM 000023
___ftmul@sign                       cstackCOMRAM 000027
___ftneg                            text49       00C58C
___ftneg@f1                         cstackCOMRAM 000001
___ftpack                           text65       00D202
___ftpack@arg                       cstackCOMRAM 000001
___ftpack@exp                       cstackCOMRAM 000004
___ftpack@sign                      cstackCOMRAM 000005
___ftsub                            text47       00C81C
___ftsub@f1                         cstackCOMRAM 00003E
___ftsub@f2                         cstackCOMRAM 000041
___fttol                            text46       00D702
___fttol@exp1                       cstackCOMRAM 00003D
___fttol@f1                         cstackCOMRAM 00002F
___fttol@lval                       cstackCOMRAM 000039
___fttol@sign1                      cstackCOMRAM 000038
___inthi_sp                         stack        000000
___intlo_sp                         stack        000000
___lldiv                            text45       00CEF0
___lldiv@counter                    cstackCOMRAM 00000D
___lldiv@dividend                   cstackCOMRAM 000001
___lldiv@divisor                    cstackCOMRAM 000005
___lldiv@quotient                   cstackCOMRAM 000009
___llmod                            text44       00CB72
___llmod@counter                    cstackCOMRAM 000009
___llmod@dividend                   cstackCOMRAM 000001
___llmod@divisor                    cstackCOMRAM 000005
___lltoft                           text43       00CAAC
___lltoft@c                         cstackCOMRAM 000009
___lltoft@exp                       cstackCOMRAM 000011
___param_bank                       (abs)        000010
___rparam_used                      (abs)        000001
___sp                               stack        000000
___wmul                             text62       00C5D6
___wmul@multiplicand                cstackCOMRAM 000011
___wmul@multiplier                  cstackCOMRAM 00000F
___wmul@product                     cstackCOMRAM 000013
__accesstop                         (abs)        000080
__activetblptr                      (abs)        000002
__div_to_l_                         text42       00D9D2
__div_to_l_@cntr                    cstackCOMRAM 00000B
__div_to_l_@exp1                    cstackCOMRAM 00000C
__div_to_l_@f1                      cstackCOMRAM 000001
__div_to_l_@f2                      cstackCOMRAM 000004
__div_to_l_@quot                    cstackCOMRAM 000007
__end_of_Activate_Buzzer            text69       00C506
__end_of_Day_Mode                   text18       00D462
__end_of_Deactivate_Buzzer          text68       00C4B0
__end_of_Init_ADC                   text17       00C4BA
__end_of_Init_Tris                  text16       00C556
__end_of_Initialize_Screen          text5        00FD34
__end_of_LCD_Reset                  text14       00C518
__end_of_Night_Mode                 text4        00D202
__end_of_OpenUSART                  text2        00CC52
__end_of_PED_Control                text30       00C75E
__end_of_Rcmd1                      text13       00DCFC
__end_of_Rcmd2red                   text12       00C7DA
__end_of_Rcmd3                      text11       00D8DA
__end_of_Select_ADC_Channel         text3        00C4C6
__end_of_Set_EW                     text25       00C8A4
__end_of_Set_EWLT                   text24       00C8E8
__end_of_Set_NS                     text23       00C92C
__end_of_Set_NSLT                   text22       00C970
__end_of_TFT_GreenTab_Initialize    text10       00C628
__end_of_Wait_Half_Second           text67       00C570
__end_of_Wait_N_Seconds             text19       00C684
__end_of_Wait_One_Second            text21       00CD56
__end_of_Wait_One_Second_With_Beep  text32       00CEF0
__end_of___awdiv                    text40       00D0A8
__end_of___awmod                    text39       00CCD4
__end_of___awtoft                   text64       00C722
__end_of___ftadd                    text48       00E48A
__end_of___ftdiv                    text63       00D620
__end_of___ftge                     text50       00D012
__end_of___ftmul                    text38       00D9D2
__end_of___ftneg                    text49       00C5B0
__end_of___ftpack                   text65       00D2C8
__end_of___ftsub                    text47       00C860
__end_of___fttol                    text46       00D7E8
__end_of___lldiv                    text45       00CF7C
__end_of___llmod                    text44       00CBE2
__end_of___lltoft                   text43       00CB0C
__end_of___wmul                     text62       00C5FE
__end_of__div_to_l_                 text42       00DADC
__end_of__initialization            cinit        00C812
__end_of__npowers_                  mediumconst  00FF5F
__end_of__powers_                   mediumconst  00FF86
__end_of__tdiv_to_l_                text41       00DBEC
__end_of_delay_ms                   text15       00CAAC
__end_of_dpowers                    mediumconst  00FF38
__end_of_drawChar                   text54       00DF8A
__end_of_drawCircle                 text29       00E2C6
__end_of_drawFastHLine              text9        00CE66
__end_of_drawFastVLine              text56       00CDDE
__end_of_drawPixel                  text57       00C6B4
__end_of_drawRect                   text8        00CB72
__end_of_drawtext                   text52       00D702
__end_of_fillCircle                 text27       00CA5A
__end_of_fillCircleHelper           text28       00DE34
__end_of_fillRect                   text55       00C9BA
__end_of_fillRectangle              text7        00D53E
__end_of_fillScreen                 text6        00C58C
__end_of_font                       mediumconst  00FE34
__end_of_font2                      mediumconst  00FF10
__end_of_fround                     text37       00E8AE
__end_of_get_full_ADC               text51       00C5D6
__end_of_init_UART                  text1        00C540
__end_of_main                       text0        00D14E
__end_of_printf                     text34       00F616
__end_of_putch                      text36       00C4D4
__end_of_scale                      text35       00EFF0
__end_of_setAddrWindow              text58       00CA08
__end_of_spiwrite                   text61       00C52C
__end_of_strcpy                     text66       00C6E6
__end_of_strlen                     text53       00C79C
__end_of_update_LCD_PED_Count       text31       00D394
__end_of_update_LCD_color           text26       00EC10
__end_of_update_LCD_count           text20       00E118
__end_of_update_LCD_misc            text33       00E66A
__end_of_write_command              text60       00C4E4
__end_of_write_data                 text59       00C4F4
__initialization                    cinit        00C7DA
__mediumconst                       mediumconst  00FD34
__npowers_                          mediumconst  00FF38
__pbssBANK0                         bssBANK0     0000AD
__pbssCOMRAM                        bssCOMRAM    000075
__pcinit                            cinit        00C7DA
__pcstackCOMRAM                     cstackCOMRAM 000001
__pdataBANK0                        dataBANK0    000080
__pidataBANK0                       idataBANK0   00C629
__pmediumconst                      mediumconst  00FD34
__powers_                           mediumconst  00FF5F
__ptext0                            text0        00D0A8
__ptext1                            text1        00C52C
__ptext10                           text10       00C5FE
__ptext11                           text11       00D7E8
__ptext12                           text12       00C79C
__ptext13                           text13       00DBEC
__ptext14                           text14       00C506
__ptext15                           text15       00CA5A
__ptext16                           text16       00C540
__ptext17                           text17       00C4B0
__ptext18                           text18       00D394
__ptext19                           text19       00C656
__ptext2                            text2        00CBE2
__ptext20                           text20       00DF8A
__ptext21                           text21       00CCD4
__ptext22                           text22       00C92C
__ptext23                           text23       00C8E8
__ptext24                           text24       00C8A4
__ptext25                           text25       00C860
__ptext26                           text26       00E8AE
__ptext27                           text27       00CA08
__ptext28                           text28       00DCFC
__ptext29                           text29       00E118
__ptext3                            text3        00C4BA
__ptext30                           text30       00C722
__ptext31                           text31       00D2C8
__ptext32                           text32       00CE66
__ptext33                           text33       00E48A
__ptext34                           text34       00EFF0
__ptext35                           text35       00EC10
__ptext36                           text36       00C4C6
__ptext37                           text37       00E66A
__ptext38                           text38       00D8DA
__ptext39                           text39       00CC52
__ptext4                            text4        00D14E
__ptext40                           text40       00D012
__ptext41                           text41       00DADC
__ptext42                           text42       00D9D2
__ptext43                           text43       00CAAC
__ptext44                           text44       00CB72
__ptext45                           text45       00CEF0
__ptext46                           text46       00D702
__ptext47                           text47       00C81C
__ptext48                           text48       00E2C6
__ptext49                           text49       00C58C
__ptext5                            text5        00F616
__ptext50                           text50       00CF7C
__ptext51                           text51       00C5B0
__ptext52                           text52       00D620
__ptext53                           text53       00C75E
__ptext54                           text54       00DE34
__ptext55                           text55       00C970
__ptext56                           text56       00CD56
__ptext57                           text57       00C684
__ptext58                           text58       00C9BA
__ptext59                           text59       00C4E4
__ptext6                            text6        00C570
__ptext60                           text60       00C4D4
__ptext61                           text61       00C518
__ptext62                           text62       00C5D6
__ptext63                           text63       00D53E
__ptext64                           text64       00C6E6
__ptext65                           text65       00D202
__ptext66                           text66       00C6B4
__ptext67                           text67       00C556
__ptext68                           text68       00C4A8
__ptext69                           text69       00C4F4
__ptext7                            text7        00D462
__ptext8                            text8        00CB0C
__ptext9                            text9        00CDDE
__ramtop                            ramtop       001000
__size_of_Activate_Buzzer           (abs)        000000
__size_of_Day_Mode                  (abs)        000000
__size_of_Deactivate_Buzzer         (abs)        000000
__size_of_Init_ADC                  (abs)        000000
__size_of_Init_Tris                 (abs)        000000
__size_of_Initialize_Screen         (abs)        000000
__size_of_LCD_Reset                 (abs)        000000
__size_of_Night_Mode                (abs)        000000
__size_of_OpenUSART                 (abs)        000000
__size_of_PED_Control               (abs)        000000
__size_of_Rcmd1                     (abs)        000000
__size_of_Rcmd2red                  (abs)        000000
__size_of_Rcmd3                     (abs)        000000
__size_of_Select_ADC_Channel        (abs)        000000
__size_of_Set_EW                    (abs)        000000
__size_of_Set_EWLT                  (abs)        000000
__size_of_Set_NS                    (abs)        000000
__size_of_Set_NSLT                  (abs)        000000
__size_of_TFT_GreenTab_Initialize   (abs)        000000
__size_of_Wait_Half_Second          (abs)        000000
__size_of_Wait_N_Seconds            (abs)        000000
__size_of_Wait_One_Second           (abs)        000000
__size_of_Wait_One_Second_With_Beep (abs)        000000
__size_of___awdiv                   (abs)        000000
__size_of___awmod                   (abs)        000000
__size_of___awtoft                  (abs)        000000
__size_of___ftadd                   (abs)        000000
__size_of___ftdiv                   (abs)        000000
__size_of___ftge                    (abs)        000000
__size_of___ftmul                   (abs)        000000
__size_of___ftneg                   (abs)        000000
__size_of___ftpack                  (abs)        000000
__size_of___ftsub                   (abs)        000000
__size_of___fttol                   (abs)        000000
__size_of___lldiv                   (abs)        000000
__size_of___llmod                   (abs)        000000
__size_of___lltoft                  (abs)        000000
__size_of___wmul                    (abs)        000000
__size_of__div_to_l_                (abs)        000000
__size_of__tdiv_to_l_               (abs)        000000
__size_of_delay_ms                  (abs)        000000
__size_of_drawChar                  (abs)        000000
__size_of_drawCircle                (abs)        000000
__size_of_drawFastHLine             (abs)        000000
__size_of_drawFastVLine             (abs)        000000
__size_of_drawPixel                 (abs)        000000
__size_of_drawRect                  (abs)        000000
__size_of_drawtext                  (abs)        000000
__size_of_fillCircle                (abs)        000000
__size_of_fillCircleHelper          (abs)        000000
__size_of_fillRect                  (abs)        000000
__size_of_fillRectangle             (abs)        000000
__size_of_fillScreen                (abs)        000000
__size_of_fround                    (abs)        000000
__size_of_get_full_ADC              (abs)        000000
__size_of_init_UART                 (abs)        000000
__size_of_main                      (abs)        000000
__size_of_printf                    (abs)        000000
__size_of_putch                     (abs)        000000
__size_of_scale                     (abs)        000000
__size_of_setAddrWindow             (abs)        000000
__size_of_spiwrite                  (abs)        000000
__size_of_strcpy                    (abs)        000000
__size_of_strlen                    (abs)        000000
__size_of_update_LCD_PED_Count      (abs)        000000
__size_of_update_LCD_color          (abs)        000000
__size_of_update_LCD_count          (abs)        000000
__size_of_update_LCD_misc           (abs)        000000
__size_of_write_command             (abs)        000000
__size_of_write_data                (abs)        000000
__smallconst                        smallconst   000000
__tdiv_to_l_                        text41       00DADC
__tdiv_to_l_@cntr                   cstackCOMRAM 00000E
__tdiv_to_l_@exp1                   cstackCOMRAM 00000F
__tdiv_to_l_@f1                     cstackCOMRAM 000001
__tdiv_to_l_@f2                     cstackCOMRAM 000004
__tdiv_to_l_@quot                   cstackCOMRAM 00000A
__tft_type                          bssCOMRAM    00007C
_array                              dataBANK0    000080
_buffer                             bssBANK0     0000B9
_colstart                           bssCOMRAM    00007D
_delay_ms                           text15       00CA5A
_dir                                bssBANK0     0000B8
_direction                          bssCOMRAM    00007E
_dpowers                            mediumconst  00FF10
_drawChar                           text54       00DE34
_drawCircle                         text29       00E118
_drawFastHLine                      text9        00CDDE
_drawFastVLine                      text56       00CD56
_drawPixel                          text57       00C684
_drawRect                           text8        00CB0C
_drawtext                           text52       00D620
_fillCircle                         text27       00CA08
_fillCircleHelper                   text28       00DCFC
_fillRect                           text55       00C970
_fillRectangle                      text7        00D462
_fillScreen                         text6        00C570
_font                               mediumconst  00FD35
_font2                              mediumconst  00FE34
_fround                             text37       00E66A
_fround$2379                        cstackCOMRAM 00002E
_fround$2380                        cstackCOMRAM 00002B
_get_full_ADC                       text51       00C5B0
_init_UART                          text1        00C52C
_main                               text0        00D0A8
_nbr                                bssBANK0     0000B2
_printf                             text34       00EFF0
_printf$2382                        cstackCOMRAM 00004F
_putch                              text36       00C4C6
_rowstart                           bssCOMRAM    00007F
_scale                              text35       00EC10
_scale$2381                         cstackCOMRAM 00002B
_setAddrWindow                      text58       00C9BA
_spiwrite                           text61       00C518
_strcpy                             text66       00C6B4
_strlen                             text53       00C75E
_txt                                bssCOMRAM    000075
_update_LCD_PED_Count               text31       00D2C8
_update_LCD_color                   text26       00E8AE
_update_LCD_count                   text20       00DF8A
_update_LCD_misc                    text33       00E48A
_volt                               bssBANK0     0000AD
_wrap                               dataBANK0    00008C
_write_command                      text60       00C4D4
_write_data                         text59       00C4E4
delay_ms@count                      cstackCOMRAM 000019
delay_ms@ms                         cstackCOMRAM 000015
drawChar@bg                         cstackCOMRAM 000022
drawChar@c                          cstackCOMRAM 00001F
drawChar@color                      cstackCOMRAM 000020
drawChar@i                          cstackCOMRAM 000028
drawChar@j                          cstackCOMRAM 000027
drawChar@line                       cstackCOMRAM 000025
drawChar@size                       cstackCOMRAM 000024
drawChar@x                          cstackCOMRAM 000026
drawChar@y                          cstackCOMRAM 00001E
drawCircle@color                    cstackCOMRAM 000012
drawCircle@ddF_x                    cstackCOMRAM 000016
drawCircle@ddF_y                    cstackCOMRAM 000018
drawCircle@f                        cstackCOMRAM 00001A
drawCircle@r                        cstackCOMRAM 000010
drawCircle@x                        cstackCOMRAM 00001C
drawCircle@x0                       cstackCOMRAM 00000C
drawCircle@y                        cstackCOMRAM 00001E
drawCircle@y0                       cstackCOMRAM 00000E
drawFastHLine@color                 cstackCOMRAM 00000A
drawFastHLine@hi                    cstackCOMRAM 000010
drawFastHLine@lo                    cstackCOMRAM 000011
drawFastHLine@w                     cstackCOMRAM 000009
drawFastHLine@x                     cstackCOMRAM 000012
drawFastHLine@y                     cstackCOMRAM 000008
drawFastVLine@color                 cstackCOMRAM 00000A
drawFastVLine@h                     cstackCOMRAM 000009
drawFastVLine@hi                    cstackCOMRAM 000010
drawFastVLine@lo                    cstackCOMRAM 000011
drawFastVLine@x                     cstackCOMRAM 000012
drawFastVLine@y                     cstackCOMRAM 000008
drawPixel@color                     cstackCOMRAM 000009
drawPixel@x                         cstackCOMRAM 00000B
drawPixel@y                         cstackCOMRAM 000008
drawRect@color                      cstackCOMRAM 00001B
drawRect@h                          cstackCOMRAM 000019
drawRect@w                          cstackCOMRAM 000017
drawRect@x                          cstackCOMRAM 000013
drawRect@y                          cstackCOMRAM 000015
drawtext@_text                      cstackCOMRAM 00002A
drawtext@bg                         cstackCOMRAM 00002E
drawtext@color                      cstackCOMRAM 00002C
drawtext@cursor_x                   cstackCOMRAM 000039
drawtext@cursor_y                   cstackCOMRAM 000038
drawtext@i                          cstackCOMRAM 000036
drawtext@size                       cstackCOMRAM 000030
drawtext@textsize                   cstackCOMRAM 000033
drawtext@x                          cstackCOMRAM 000035
drawtext@y                          cstackCOMRAM 000029
end_of_initialization               cinit        00C812
fillCircle@color                    cstackCOMRAM 000031
fillCircle@r                        cstackCOMRAM 00002F
fillCircle@x0                       cstackCOMRAM 00002B
fillCircle@y0                       cstackCOMRAM 00002D
fillCircleHelper@color              cstackCOMRAM 00001D
fillCircleHelper@cornername         cstackCOMRAM 000019
fillCircleHelper@ddF_x              cstackCOMRAM 000021
fillCircleHelper@ddF_y              cstackCOMRAM 000023
fillCircleHelper@delta              cstackCOMRAM 00001B
fillCircleHelper@f                  cstackCOMRAM 000025
fillCircleHelper@r                  cstackCOMRAM 000017
fillCircleHelper@x                  cstackCOMRAM 000027
fillCircleHelper@x0                 cstackCOMRAM 000013
fillCircleHelper@y                  cstackCOMRAM 000029
fillCircleHelper@y0                 cstackCOMRAM 000015
fillRect@color                      cstackCOMRAM 000016
fillRect@h                          cstackCOMRAM 000015
fillRect@i                          cstackCOMRAM 00001C
fillRect@w                          cstackCOMRAM 000014
fillRect@x                          cstackCOMRAM 00001B
fillRect@y                          cstackCOMRAM 000013
fillRectangle@color                 cstackCOMRAM 00000B
fillRectangle@h                     cstackCOMRAM 00000A
fillRectangle@hi                    cstackCOMRAM 000011
fillRectangle@lo                    cstackCOMRAM 000012
fillRectangle@w                     cstackCOMRAM 000009
fillRectangle@x                     cstackCOMRAM 000013
fillRectangle@y                     cstackCOMRAM 000008
fillScreen@color                    cstackCOMRAM 000014
fround@prec                         cstackCOMRAM 000031
get_full_ADC@result                 cstackCOMRAM 000005
intlevel0                           text         000000
intlevel1                           text         000000
intlevel2                           text         000000
intlevel3                           text         000000
main@Pvoltage                       cstackCOMRAM 00006E
main@finalVoltage                   cstackCOMRAM 000073
main@num_step                       cstackCOMRAM 000071
main@pvoltage_mv                    cstackCOMRAM 00006B
printf@ap                           cstackCOMRAM 000052
printf@c                            cstackCOMRAM 000065
printf@exp                          cstackCOMRAM 00005C
printf@f                            cstackCOMRAM 000044
printf@flag                         cstackCOMRAM 000054
printf@fval                         cstackCOMRAM 000062
printf@prec                         cstackCOMRAM 000056
printf@tmpval                       cstackCOMRAM 00005E
printf@val                          cstackCOMRAM 000058
putch@c                             cstackCOMRAM 000001
scale@scl                           cstackCOMRAM 00002E
setAddrWindow@x0                    cstackCOMRAM 000007
setAddrWindow@x1                    cstackCOMRAM 000005
setAddrWindow@y0                    cstackCOMRAM 000004
setAddrWindow@y1                    cstackCOMRAM 000006
spiwrite@spidata                    cstackCOMRAM 000002
spiwrite@x                          cstackCOMRAM 000001
stackhi                             (abs)        000F7F
stacklo                             (abs)        0000D8
start                               init         000000
start_initialization                cinit        00C7DA
strcpy@cp                           cstackCOMRAM 000005
strcpy@from                         cstackCOMRAM 000003
strcpy@to                           cstackCOMRAM 000001
strlen@cp                           cstackCOMRAM 000005
strlen@s                            cstackCOMRAM 000001
update_LCD_PED_Count@count          cstackCOMRAM 00003A
update_LCD_PED_Count@direction      cstackCOMRAM 00003B
update_LCD_color@Circle_Y           cstackCOMRAM 000035
update_LCD_color@color              cstackCOMRAM 000033
update_LCD_color@direction          cstackCOMRAM 000034
update_LCD_count@count              cstackCOMRAM 00003A
update_LCD_count@direction          cstackCOMRAM 00003B
update_LCD_misc@nStep               cstackCOMRAM 000066
write_command@cmd_                  cstackCOMRAM 000003
write_data@data_                    cstackCOMRAM 000003


FUNCTION INFORMATION:

 *************** function _main *****************
 Defined at:
		line 165 in file "Lab7.c"
 Parameters:    Size  Location     Type
		None
 Auto vars:     Size  Location     Type
  Pvoltage        3  109[COMRAM] float 
  pvoltage_mv     3  106[COMRAM] float 
  finalVoltage    2  114[COMRAM] int 
  num_step        2  112[COMRAM] int 
 Return value:  Size  Location     Type
		None               void
 Registers used:
		wreg, fsr2l, fsr2h, status,2, status,0, tblptrl, tblptrh, tblptru, prodl, prodh, cstack
 Tracked objects:
		On entry : 
		On exit  : 
		Unchanged: 
 Data sizes:     COMRAM   BANK0   BANK1   BANK2   BANK3   BANK4   BANK5   BANK6   BANK7   BANK8   BANK9  BANK10  BANK11  BANK12  BANK13  BANK14  BANK15
      Params:         0       0       0       0       0       0       0       0       0       0       0       0       0       0       0       0       0
      Locals:        10       0       0       0       0       0       0       0       0       0       0       0       0       0       0       0       0
      Temps:          0       0       0       0       0       0       0       0       0       0       0       0       0       0       0       0       0
      Totals:        10       0       0       0       0       0       0       0       0       0       0       0       0       0       0       0       0
Total ram usage:       10 bytes
 Hardware stack levels required when called:   11
 This function calls:
		_Day_Mode
		_Init_ADC
		_Init_Tris
		_Initialize_Screen
		_Night_Mode
		_Select_ADC_Channel
		___awtoft
		___ftmul
		___fttol
		_get_full_ADC
		_init_UART
 This function is called by:
		Startup code after reset
 This function uses a non-reentrant model


 *************** function _init_UART *****************
 Defined at:
		line 194 in file "Lab7.c"
 Parameters:    Size  Location     Type
		None
 Auto vars:     Size  Location     Type
		None
 Return value:  Size  Location     Type
		None               void
 Registers used:
		wreg, status,2, cstack
 Tracked objects:
		On entry : 
		On exit  : 
		Unchanged: 
 Data sizes:     COMRAM   BANK0   BANK1   BANK2   BANK3   BANK4   BANK5   BANK6   BANK7   BANK8   BANK9  BANK10  BANK11  BANK12  BANK13  BANK14  BANK15
      Params:         0       0       0       0       0       0       0       0       0       0       0       0       0       0       0       0       0
      Locals:         0       0       0       0       0       0       0       0       0       0       0       0       0       0       0       0       0
      Temps:          0       0       0       0       0       0       0       0       0       0       0       0       0       0       0       0       0
[...]
      Temps:          0       0       0       0       0       0       0       0       0       0       0       0       0       0       0       0       0
      Totals:         2       0       0       0       0       0       0       0       0       0       0       0       0       0       0       0       0
Total ram usage:        2 bytes
 Hardware stack levels used:    1
 This function calls:
		Nothing
 This function is called by:
		_write_command
		_write_data
		_drawFastVLine
		_fillRectangle
		_drawFastHLine
 This function uses a non-reentrant model


 *************** function ___wmul *****************
 Defined at:
		line 15 in file "C:\Program Files (x86)\Microchip\xc8\v1.34\sources\common\Umul16.c"
 Parameters:    Size  Location     Type
  multiplier      2   14[COMRAM] unsigned int 
  multiplicand    2   16[COMRAM] unsigned int 
 Auto vars:     Size  Location     Type
  product         2   18[COMRAM] unsigned int 
 Return value:  Size  Location     Type
                  2   14[COMRAM] unsigned int 
 Registers used:
		wreg, status,2, status,0, prodl, prodh
 Tracked objects:
		On entry : 
		On exit  : 
		Unchanged: 
 Data sizes:     COMRAM   BANK0   BANK1   BANK2   BANK3   BANK4   BANK5   BANK6   BANK7   BANK8   BANK9  BANK10  BANK11  BANK12  BANK13  BANK14  BANK15
      Params:         4       0       0       0       0       0       0       0       0       0       0       0       0       0       0       0       0
      Locals:         2       0       0       0       0       0       0       0       0       0       0       0       0       0       0       0       0
      Temps:          0       0       0       0       0       0       0       0       0       0       0       0       0       0       0       0       0
      Totals:         6       0       0       0       0       0       0       0       0       0       0       0       0       0       0       0       0
Total ram usage:        6 bytes
 Hardware stack levels used:    1
 This function calls:
		Nothing
 This function is called by:
		_delay_ms
		_drawChar
		_update_LCD_misc
		_fround
		_scale
		_printf
 This function uses a non-reentrant model


 *************** function ___ftdiv *****************
 Defined at:
		line 54 in file "C:\Program Files (x86)\Microchip\xc8\v1.34\sources\common\ftdiv.c"
 Parameters:    Size  Location     Type
  f1              3   24[COMRAM] float 
  f2              3   27[COMRAM] float 
 Auto vars:     Size  Location     Type
  f3              3   34[COMRAM] float 
  sign            1   38[COMRAM] unsigned char 
  exp             1   37[COMRAM] unsigned char 
  cntr            1   33[COMRAM] unsigned char 
 Return value:  Size  Location     Type
                  3   24[COMRAM] float 
 Registers used:
		wreg, status,2, status,0, cstack
 Tracked objects:
		On entry : 
		On exit  : 
		Unchanged: 
 Data sizes:     COMRAM   BANK0   BANK1   BANK2   BANK3   BANK4   BANK5   BANK6   BANK7   BANK8   BANK9  BANK10  BANK11  BANK12  BANK13  BANK14  BANK15
      Params:         6       0       0       0       0       0       0       0       0       0       0       0       0       0       0       0       0
      Locals:         6       0       0       0       0       0       0       0       0       0       0       0       0       0       0       0       0
      Temps:          3       0       0       0       0       0       0       0       0       0       0       0       0       0       0       0       0
      Totals:        15       0       0       0       0       0       0       0       0       0       0       0       0       0       0       0       0
Total ram usage:       15 bytes
 Hardware stack levels used:    1
 Hardware stack levels required when called:    1
 This function calls:
		___ftpack
 This function is called by:
		_update_LCD_misc
 This function uses a non-reentrant model


 *************** function ___awtoft *****************
 Defined at:
		line 32 in file "C:\Program Files (x86)\Microchip\xc8\v1.34\sources\common\awtoft.c"
 Parameters:    Size  Location     Type
  c               2   20[COMRAM] int 
 Auto vars:     Size  Location     Type
  sign            1   23[COMRAM] unsigned char 
 Return value:  Size  Location     Type
                  3   20[COMRAM] float 
 Registers used:
		wreg, status,2, status,0, cstack
 Tracked objects:
		On entry : 
		On exit  : 
		Unchanged: 
 Data sizes:     COMRAM   BANK0   BANK1   BANK2   BANK3   BANK4   BANK5   BANK6   BANK7   BANK8   BANK9  BANK10  BANK11  BANK12  BANK13  BANK14  BANK15
      Params:         3       0       0       0       0       0       0       0       0       0       0       0       0       0       0       0       0
      Locals:         1       0       0       0       0       0       0       0       0       0       0       0       0       0       0       0       0
      Temps:          0       0       0       0       0       0       0       0       0       0       0       0       0       0       0       0       0
      Totals:         4       0       0       0       0       0       0       0       0       0       0       0       0       0       0       0       0
Total ram usage:        4 bytes
 Hardware stack levels used:    1
 Hardware stack levels required when called:    1
 This function calls:
		___ftpack
 This function is called by:
		_main
		_update_LCD_misc
 This function uses a non-reentrant model


 *************** function ___ftpack *****************
 Defined at:
		line 62 in file "C:\Program Files (x86)\Microchip\xc8\v1.34\sources\common\float.c"
 Parameters:    Size  Location     Type
  arg             3    0[COMRAM] unsigned um
  exp             1    3[COMRAM] unsigned char 
  sign            1    4[COMRAM] unsigned char 
 Auto vars:     Size  Location     Type
		None
 Return value:  Size  Location     Type
                  3    0[COMRAM] float 
 Registers used:
		wreg, status,2, status,0
 Tracked objects:
		On entry : 
		On exit  : 
		Unchanged: 
 Data sizes:     COMRAM   BANK0   BANK1   BANK2   BANK3   BANK4   BANK5   BANK6   BANK7   BANK8   BANK9  BANK10  BANK11  BANK12  BANK13  BANK14  BANK15
      Params:         5       0       0       0       0       0       0       0       0       0       0       0       0       0       0       0       0
      Locals:         0       0       0       0       0       0       0       0       0       0       0       0       0       0       0       0       0
      Temps:          3       0       0       0       0       0       0       0       0       0       0       0       0       0       0       0       0
      Totals:         8       0       0       0       0       0       0       0       0       0       0       0       0       0       0       0       0
Total ram usage:        8 bytes
 Hardware stack levels used:    1
 This function calls:
		Nothing
 This function is called by:
		___awtoft
		___ftadd
		___ftdiv
		___ftmul
		___lltoft
 This function uses a non-reentrant model


 *************** function _strcpy *****************
 Defined at:
		line 8 in file "C:\Program Files (x86)\Microchip\xc8\v1.34\sources\common\strcpy.c"
 Parameters:    Size  Location     Type
  to              2    0[COMRAM] PTR unsigned char 
		 -> NULL(0), buffer(31), 
  from            2    2[COMRAM] PTR const unsigned char 
		 -> STR_16(21), STR_15(4), STR_14(4), STR_13(7), 
		 -> STR_12(10), STR_11(7), STR_10(12), STR_9(2), 
		 -> STR_8(4), STR_7(4), STR_6(6), STR_5(22), 
		 -> STR_4(2), STR_3(2), STR_2(2), STR_1(2), 
 Auto vars:     Size  Location     Type
  cp              2    4[COMRAM] PTR unsigned char 
		 -> NULL(0), buffer(31), 
 Return value:  Size  Location     Type
                  2    0[COMRAM] PTR unsigned char 
 Registers used:
		wreg, fsr2l, fsr2h, status,2, status,0, tblptrl, tblptrh, tblptru
 Tracked objects:
		On entry : 
		On exit  : 
		Unchanged: 
 Data sizes:     COMRAM   BANK0   BANK1   BANK2   BANK3   BANK4   BANK5   BANK6   BANK7   BANK8   BANK9  BANK10  BANK11  BANK12  BANK13  BANK14  BANK15
      Params:         4       0       0       0       0       0       0       0       0       0       0       0       0       0       0       0       0
      Locals:         2       0       0       0       0       0       0       0       0       0       0       0       0       0       0       0       0
      Temps:          0       0       0       0       0       0       0       0       0       0       0       0       0       0       0       0       0
      Totals:         6       0       0       0       0       0       0       0       0       0       0       0       0       0       0       0       0
Total ram usage:        6 bytes
 Hardware stack levels used:    1
 This function calls:
		Nothing
 This function is called by:
		_Wait_One_Second
		_Wait_One_Second_With_Beep
		_Initialize_Screen
 This function uses a non-reentrant model


 *************** function _Wait_Half_Second *****************
 Defined at:
		line 252 in file "Lab7.c"
 Parameters:    Size  Location     Type
		None
 Auto vars:     Size  Location     Type
		None
 Return value:  Size  Location     Type
		None               void
 Registers used:
		wreg, status,2
 Tracked objects:
		On entry : 
		On exit  : 
		Unchanged: 
 Data sizes:     COMRAM   BANK0   BANK1   BANK2   BANK3   BANK4   BANK5   BANK6   BANK7   BANK8   BANK9  BANK10  BANK11  BANK12  BANK13  BANK14  BANK15
      Params:         0       0       0       0       0       0       0       0       0       0       0       0       0       0       0       0       0
      Locals:         0       0       0       0       0       0       0       0       0       0       0       0       0       0       0       0       0
      Temps:          0       0       0       0       0       0       0       0       0       0       0       0       0       0       0       0       0
      Totals:         0       0       0       0       0       0       0       0       0       0       0       0       0       0       0       0       0
Total ram usage:        0 bytes
 Hardware stack levels used:    1
 This function calls:
		Nothing
 This function is called by:
		_Wait_One_Second
		_Wait_One_Second_With_Beep
 This function uses a non-reentrant model


 *************** function _Deactivate_Buzzer *****************
 Defined at:
		line 322 in file "Lab7.c"
 Parameters:    Size  Location     Type
		None
 Auto vars:     Size  Location     Type
		None
 Return value:  Size  Location     Type
		None               void
 Registers used:
		wreg, status,2
 Tracked objects:
		On entry : 
		On exit  : 
		Unchanged: 
 Data sizes:     COMRAM   BANK0   BANK1   BANK2   BANK3   BANK4   BANK5   BANK6   BANK7   BANK8   BANK9  BANK10  BANK11  BANK12  BANK13  BANK14  BANK15
      Params:         0       0       0       0       0       0       0       0       0       0       0       0       0       0       0       0       0
      Locals:         0       0       0       0       0       0       0       0       0       0       0       0       0       0       0       0       0
      Temps:          0       0       0       0       0       0       0       0       0       0       0       0       0       0       0       0       0
      Totals:         0       0       0       0       0       0       0       0       0       0       0       0       0       0       0       0       0
Total ram usage:        0 bytes
 Hardware stack levels used:    1
 This function calls:
		Nothing
 This function is called by:
		_Wait_One_Second_With_Beep
 This function uses a non-reentrant model


 *************** function _Activate_Buzzer *****************
 Defined at:
		line 316 in file "Lab7.c"
 Parameters:    Size  Location     Type
		None
 Auto vars:     Size  Location     Type
		None
 Return value:  Size  Location     Type
		None               void
 Registers used:
		wreg, status,2
 Tracked objects:
		On entry : 
		On exit  : 
		Unchanged: 
 Data sizes:     COMRAM   BANK0   BANK1   BANK2   BANK3   BANK4   BANK5   BANK6   BANK7   BANK8   BANK9  BANK10  BANK11  BANK12  BANK13  BANK14  BANK15
      Params:         0       0       0       0       0       0       0       0       0       0       0       0       0       0       0       0       0
      Locals:         0       0       0       0       0       0       0       0       0       0       0       0       0       0       0       0       0
      Temps:          0       0       0       0       0       0       0       0       0       0       0       0       0       0       0       0       0
      Totals:         0       0       0       0       0       0       0       0       0       0       0       0       0       0       0       0       0
Total ram usage:        0 bytes
 Hardware stack levels used:    1
 This function calls:
		Nothing
 This function is called by:
		_Wait_One_Second_With_Beep
 This function uses a non-reentrant model



MODULE INFORMATION

Module		Function		Class		Link	Load	Size
C:\Program Files (x86)\Microchip\xc8\v1.34\sources\common\ftge.c
		___ftge        		CODE           	CF7C	0000	151

C:\Program Files (x86)\Microchip\xc8\v1.34\sources\common\ftge.c estimated size: 151

C:\Program Files (x86)\Microchip\xc8\v1.34\sources\common\ftdivl.c
		__tdiv_to_l_   		CODE           	DADC	0000	273

C:\Program Files (x86)\Microchip\xc8\v1.34\sources\common\ftdivl.c estimated size: 273

C:\Program Files (x86)\Microchip\xc8\v1.34\sources\common\ftneg.c
		___ftneg       		CODE           	C58C	0000	37

C:\Program Files (x86)\Microchip\xc8\v1.34\sources\common\ftneg.c estimated size: 37

C:\Program Files (x86)\Microchip\xc8\v1.34\sources\common\fldivl.c
		__div_to_l_    		CODE           	D9D2	0000	267

C:\Program Files (x86)\Microchip\xc8\v1.34\sources\common\fldivl.c estimated size: 267

Lab7.c
		_Set_EW        		CODE           	C860	0000	69
		_Night_Mode    		CODE           	D14E	0000	181
		_putch         		CODE           	C4C6	0000	15
		_Init_ADC      		CODE           	C4B0	0000	11
		_Set_NS        		CODE           	C8E8	0000	69
		_Select_ADC_Cha		CODE           	C4BA	0000	13
		_main          		CODE           	D0A8	0000	167
		_Deactivate_Buz		CODE           	C4A8	0000	9
		_Wait_One_Secon		CODE           	CCD4	0000	131
		_init_UART     		CODE           	C52C	0000	21
		_Set_EWLT      		CODE           	C8A4	0000	69
		_Init_Tris     		CODE           	C540	0000	23
		_Wait_N_Seconds		CODE           	C656	0000	47
		_Day_Mode      		CODE           	D394	0000	207
		_Wait_One_Secon		CODE           	CE66	0000	139
		_Wait_Half_Seco		CODE           	C556	0000	27
		_Set_NSLT      		CODE           	C92C	0000	69
		_update_LCD_col		CODE           	E8AE	0000	867
		_update_LCD_cou		CODE           	DF8A	0000	399
		_get_full_ADC  		CODE           	C5B0	0000	39
		_update_LCD_PED		CODE           	D2C8	0000	205
		_Initialize_Scr		CODE           	F616	0000	1823
		_PED_Control   		CODE           	C722	0000	61
		_Activate_Buzze		CODE           	C4F4	0000	19
		_update_LCD_mis		CODE           	E48A	0000	481

Lab7.c estimated size: 5161

C:\Program Files (x86)\Microchip\xc8\v1.34\sources\common\ftsub.c
		___ftsub       		CODE           	C81C	0000	69

C:\Program Files (x86)\Microchip\xc8\v1.34\sources\common\ftsub.c estimated size: 69

C:\Program Files (x86)\Microchip\xc8\v1.34\sources\common\float.c
		___ftpack      		CODE           	D202	0000	199

C:\Program Files (x86)\Microchip\xc8\v1.34\sources\common\float.c estimated size: 199

C:\Program Files (x86)\Microchip\xc8\v1.34\sources\pic18\plib\USART\uopen.c
		_OpenUSART     		CODE           	CBE2	0000	113

C:\Program Files (x86)\Microchip\xc8\v1.34\sources\pic18\plib\USART\uopen.c estimated size: 113

C:\Program Files (x86)\Microchip\xc8\v1.34\sources\common\awmod.c
		___awmod       		CODE           	CC52	0000	131

C:\Program Files (x86)\Microchip\xc8\v1.34\sources\common\awmod.c estimated size: 131

ST7735_TFT.c
		_drawChar      		CODE           	DE34	0000	343
		_drawCircle    		CODE           	E118	0000	431
		_fillScreen    		CODE           	C570	0000	29
		_Rcmd3         		CODE           	D7E8	0000	243
		_write_data    		CODE           	C4E4	0000	17
		_setAddrWindow 		CODE           	C9BA	0000	79
		_drawtext      		CODE           	D620	0000	227
		_fillRect      		CODE           	C970	0000	75
		_LCD_Reset     		CODE           	C506	0000	19
		_fillCircle    		CODE           	CA08	0000	83
		_drawPixel     		CODE           	C684	0000	49
		_fillRectangle 		CODE           	D462	0000	221
		_write_command 		CODE           	C4D4	0000	17
		_fillCircleHelp		CODE           	DCFC	0000	313
		_drawFastHLine 		CODE           	CDDE	0000	137
		_drawFastVLine 		CODE           	CD56	0000	137
		_Rcmd2red      		CODE           	C79C	0000	63
		_TFT_GreenTab_I		CODE           	C5FE	0000	43
		_delay_ms      		CODE           	CA5A	0000	83
		_Rcmd1         		CODE           	DBEC	0000	273
		_drawRect      		CODE           	CB0C	0000	103
		_spiwrite      		CODE           	C518	0000	21

ST7735_TFT.c estimated size: 3006

C:\Program Files (x86)\Microchip\xc8\v1.34\sources\common\llmod.c
		___llmod       		CODE           	CB72	0000	113

C:\Program Files (x86)\Microchip\xc8\v1.34\sources\common\llmod.c estimated size: 113

C:\Program Files (x86)\Microchip\xc8\v1.34\sources\common\awtoft.c
		___awtoft      		CODE           	C6E6	0000	61

C:\Program Files (x86)\Microchip\xc8\v1.34\sources\common\awtoft.c estimated size: 61

C:\Program Files (x86)\Microchip\xc8\v1.34\sources\common\ftmul.c
		___ftmul       		CODE           	D8DA	0000	249

C:\Program Files (x86)\Microchip\xc8\v1.34\sources\common\ftmul.c estimated size: 249

C:\Program Files (x86)\Microchip\xc8\v1.34\sources\common\strlen.c
		_strlen        		CODE           	C75E	0000	63

C:\Program Files (x86)\Microchip\xc8\v1.34\sources\common\strlen.c estimated size: 63

C:\Program Files (x86)\Microchip\xc8\v1.34\sources\common\ftdiv.c
		___ftdiv       		CODE           	D53E	0000	227

C:\Program Files (x86)\Microchip\xc8\v1.34\sources\common\ftdiv.c estimated size: 227

C:\Program Files (x86)\Microchip\xc8\v1.34\sources\common\lltoft.c
		___lltoft      		CODE           	CAAC	0000	97

C:\Program Files (x86)\Microchip\xc8\v1.34\sources\common\lltoft.c estimated size: 97

shared
		__powers_      		MEDIUMCONST    	FF5F	0000	40
		_font          		MEDIUMCONST    	FD35	0000	256
		_dpowers       		MEDIUMCONST    	FF10	0000	41
		__npowers_     		MEDIUMCONST    	FF38	0000	40
		__initializatio		CODE           	C7DA	0000	57
		_font2         		MEDIUMCONST    	FE34	0000	221

shared estimated size: 655

C:\Program Files (x86)\Microchip\xc8\v1.34\sources\common\strcpy.c
		_strcpy        		CODE           	C6B4	0000	51

C:\Program Files (x86)\Microchip\xc8\v1.34\sources\common\strcpy.c estimated size: 51

C:\Program Files (x86)\Microchip\xc8\v1.34\sources\common\awdiv.c
		___awdiv       		CODE           	D012	0000	151

C:\Program Files (x86)\Microchip\xc8\v1.34\sources\common\awdiv.c estimated size: 151

C:\Program Files (x86)\Microchip\xc8\v1.34\sources\common\lldiv.c
		___lldiv       		CODE           	CEF0	0000	141

C:\Program Files (x86)\Microchip\xc8\v1.34\sources\common\lldiv.c estimated size: 141

C:\Program Files (x86)\Microchip\xc8\v1.34\sources\common\doprnt.c
		_scale         		CODE           	EC10	0000	993
		_printf        		CODE           	EFF0	0000	1575
		_fround        		CODE           	E66A	0000	581

C:\Program Files (x86)\Microchip\xc8\v1.34\sources\common\doprnt.c estimated size: 3149

C:\Program Files (x86)\Microchip\xc8\v1.34\sources\common\fttol.c
		___fttol       		CODE           	D702	0000	231

C:\Program Files (x86)\Microchip\xc8\v1.34\sources\common\fttol.c estimated size: 231

C:\Program Files (x86)\Microchip\xc8\v1.34\sources\common\Umul16.c
		___wmul        		CODE           	C5D6	0000	41

C:\Program Files (x86)\Microchip\xc8\v1.34\sources\common\Umul16.c estimated size: 41

C:\Program Files (x86)\Microchip\xc8\v1.34\sources\common\ftadd.c
		___ftadd       		CODE           	E2C6	0000	453

C:\Program Files (x86)\Microchip\xc8\v1.34\sources\common\ftadd.c estimated size: 453

